{
  "name": "FrenchPluralSiUnit",
  "locale": "fr",
  "domain": "default",
  "style": "default",
  "active": "DefaultSymbolsFrench",
  "grammar": {
    "annotation": "unit",
    "plural": true
  },
  "factory": "symbol",
  "base": "input/common/si_units.json",
  "information": "French Plural SI Unit tests.",
  "tests": {
    "YW": {
      "expected": "yottawatts"
    },
    "Yw": {
      "expected": "yottawatts"
    },
    "ZW": {
      "expected": "zettawatts"
    },
    "Zw": {
      "expected": "zettawatts"
    },
    "EW": {
      "expected": "exawatts"
    },
    "Ew": {
      "expected": "exawatts"
    },
    "PW": {
      "expected": "pétawatts"
    },
    "Pw": {
      "expected": "pétawatts"
    },
    "TW": {
      "expected": "térawatts"
    },
    "Tw": {
      "expected": "térawatts"
    },
    "GW": {
      "expected": "gigawatts"
    },
    "Gw": {
      "expected": "gigawatts"
    },
    "MW": {
      "expected": "mégawatts"
    },
    "Mw": {
      "expected": "mégawatts"
    },
    "kW": {
      "expected": "kilowatts"
    },
    "kw": {
      "expected": "kilowatts"
    },
    "hW": {
      "expected": "hectowatts"
    },
    "hw": {
      "expected": "hectowatts"
    },
    "daW": {
      "expected": "décawatts"
    },
    "daw": {
      "expected": "décawatts"
    },
    "dW": {
      "expected": "déciwatts"
    },
    "dw": {
      "expected": "déciwatts"
    },
    "cW": {
      "expected": "centiwatts"
    },
    "cw": {
      "expected": "centiwatts"
    },
    "mW": {
      "expected": "milliwatts"
    },
    "mw": {
      "expected": "milliwatts"
    },
    "µW": {
      "expected": "microwatts"
    },
    "µw": {
      "expected": "microwatts"
    },
    "μW": {
      "expected": "microwatts"
    },
    "μw": {
      "expected": "microwatts"
    },
    "nW": {
      "expected": "nanowatts"
    },
    "nw": {
      "expected": "nanowatts"
    },
    "pW": {
      "expected": "picowatts"
    },
    "pw": {
      "expected": "picowatts"
    },
    "fW": {
      "expected": "femtowatts"
    },
    "fw": {
      "expected": "femtowatts"
    },
    "aW": {
      "expected": "attowatts"
    },
    "aw": {
      "expected": "attowatts"
    },
    "zW": {
      "expected": "zeptowatts"
    },
    "zw": {
      "expected": "zeptowatts"
    },
    "yW": {
      "expected": "yoctowatts"
    },
    "yw": {
      "expected": "yoctowatts"
    },
    "W": {
      "expected": "watts"
    },
    "w": {
      "expected": "watts"
    },
    "YJ": {
      "expected": "yottajoules"
    },
    "ZJ": {
      "expected": "zettajoules"
    },
    "EJ": {
      "expected": "exajoules"
    },
    "PJ": {
      "expected": "pétajoules"
    },
    "TJ": {
      "expected": "térajoules"
    },
    "GJ": {
      "expected": "gigajoules"
    },
    "MJ": {
      "expected": "mégajoules"
    },
    "kJ": {
      "expected": "kilojoules"
    },
    "hJ": {
      "expected": "hectojoules"
    },
    "daJ": {
      "expected": "décajoules"
    },
    "dJ": {
      "expected": "décijoules"
    },
    "cJ": {
      "expected": "centijoules"
    },
    "mJ": {
      "expected": "millijoules"
    },
    "µJ": {
      "expected": "microjoules"
    },
    "μJ": {
      "expected": "microjoules"
    },
    "nJ": {
      "expected": "nanojoules"
    },
    "pJ": {
      "expected": "picojoules"
    },
    "fJ": {
      "expected": "femtojoules"
    },
    "aJ": {
      "expected": "attojoules"
    },
    "zJ": {
      "expected": "zeptojoules"
    },
    "yJ": {
      "expected": "yoctojoules"
    },
    "J": {
      "expected": "joules"
    },
    "YN": {
      "expected": "yottanewtons"
    },
    "ZN": {
      "expected": "zettanewtons"
    },
    "EN": {
      "expected": "exanewtons"
    },
    "PN": {
      "expected": "pétanewtons"
    },
    "TN": {
      "expected": "téranewtons"
    },
    "GN": {
      "expected": "giganewtons"
    },
    "MN": {
      "expected": "méganewtons"
    },
    "kN": {
      "expected": "kilonewtons"
    },
    "hN": {
      "expected": "hectonewtons"
    },
    "daN": {
      "expected": "décanewtons"
    },
    "dN": {
      "expected": "décinewtons"
    },
    "cN": {
      "expected": "centinewtons"
    },
    "mN": {
      "expected": "millinewtons"
    },
    "µN": {
      "expected": "micronewtons"
    },
    "μN": {
      "expected": "micronewtons"
    },
    "nN": {
      "expected": "nanonewtons"
    },
    "pN": {
      "expected": "piconewtons"
    },
    "fN": {
      "expected": "femtonewtons"
    },
    "aN": {
      "expected": "attonewtons"
    },
    "zN": {
      "expected": "zeptonewtons"
    },
    "yN": {
      "expected": "yoctonewtons"
    },
    "N": {
      "expected": "newtons"
    },
    "YA": {
      "expected": "yottaampères"
    },
    "ZA": {
      "expected": "zettaampères"
    },
    "EA": {
      "expected": "exaampères"
    },
    "PA": {
      "expected": "pétaampères"
    },
    "TA": {
      "expected": "téraampères"
    },
    "GA": {
      "expected": "gigaampères"
    },
    "MA": {
      "expected": "mégaampères"
    },
    "kA": {
      "expected": "kiloampères"
    },
    "hA": {
      "expected": "hectoampères"
    },
    "daA": {
      "expected": "décaampères"
    },
    "dA": {
      "expected": "déciampères"
    },
    "cA": {
      "expected": "centiampères"
    },
    "mA": {
      "expected": "milliampères"
    },
    "µA": {
      "expected": "microampères"
    },
    "μA": {
      "expected": "microampères"
    },
    "nA": {
      "expected": "nanoampères"
    },
    "pA": {
      "expected": "picoampères"
    },
    "fA": {
      "expected": "femtoampères"
    },
    "aA": {
      "expected": "attoampères"
    },
    "zA": {
      "expected": "zeptoampères"
    },
    "yA": {
      "expected": "yoctoampères"
    },
    "A": {
      "expected": "ampères"
    },
    "YV": {
      "expected": "yottavolts"
    },
    "ZV": {
      "expected": "zettavolts"
    },
    "EV": {
      "expected": "exavolts"
    },
    "PV": {
      "expected": "pétavolts"
    },
    "TV": {
      "expected": "téravolts"
    },
    "GV": {
      "expected": "gigavolts"
    },
    "MV": {
      "expected": "mégavolts"
    },
    "kV": {
      "expected": "kilovolts"
    },
    "hV": {
      "expected": "hectovolts"
    },
    "daV": {
      "expected": "décavolts"
    },
    "dV": {
      "expected": "décivolts"
    },
    "cV": {
      "expected": "centivolts"
    },
    "mV": {
      "expected": "millivolts"
    },
    "µV": {
      "expected": "microvolts"
    },
    "μV": {
      "expected": "microvolts"
    },
    "nV": {
      "expected": "nanovolts"
    },
    "pV": {
      "expected": "picovolts"
    },
    "fV": {
      "expected": "femtovolts"
    },
    "aV": {
      "expected": "attovolts"
    },
    "zV": {
      "expected": "zeptovolts"
    },
    "yV": {
      "expected": "yoctovolts"
    },
    "V": {
      "expected": "volts"
    },
    "YΩ": {
      "expected": "yottaohms"
    },
    "ZΩ": {
      "expected": "zettaohms"
    },
    "EΩ": {
      "expected": "exaohms"
    },
    "PΩ": {
      "expected": "pétaohms"
    },
    "TΩ": {
      "expected": "téraohms"
    },
    "GΩ": {
      "expected": "gigaohms"
    },
    "MΩ": {
      "expected": "mégaohms"
    },
    "kΩ": {
      "expected": "kiloohms"
    },
    "hΩ": {
      "expected": "hectoohms"
    },
    "daΩ": {
      "expected": "décaohms"
    },
    "dΩ": {
      "expected": "déciohms"
    },
    "cΩ": {
      "expected": "centiohms"
    },
    "mΩ": {
      "expected": "milliohms"
    },
    "µΩ": {
      "expected": "microohms"
    },
    "μΩ": {
      "expected": "microohms"
    },
    "nΩ": {
      "expected": "nanoohms"
    },
    "pΩ": {
      "expected": "picoohms"
    },
    "fΩ": {
      "expected": "femtoohms"
    },
    "aΩ": {
      "expected": "attoohms"
    },
    "zΩ": {
      "expected": "zeptoohms"
    },
    "yΩ": {
      "expected": "yoctoohms"
    },
    "Ω": {
      "expected": "ohms"
    },
    "Ym": {
      "expected": "yottamètres"
    },
    "Zm": {
      "expected": "zettamètres"
    },
    "Em": {
      "expected": "examètres"
    },
    "Pm": {
      "expected": "pétamètres"
    },
    "Tm": {
      "expected": "téramètres"
    },
    "Gm": {
      "expected": "gigamètres"
    },
    "Mm": {
      "expected": "mégamètres"
    },
    "km": {
      "expected": "kilomètres"
    },
    "hm": {
      "expected": "hectomètres"
    },
    "dam": {
      "expected": "décamètres"
    },
    "dm": {
      "expected": "décimètres"
    },
    "cm": {
      "expected": "centimètres"
    },
    "mm": {
      "expected": "millimètres"
    },
    "µm": {
      "expected": "micromètres"
    },
    "μm": {
      "expected": "micromètres"
    },
    "nm": {
      "expected": "nanomètres"
    },
    "pm": {
      "expected": "picomètres"
    },
    "fm": {
      "expected": "femtomètres"
    },
    "am": {
      "expected": "attomètres"
    },
    "zm": {
      "expected": "zeptomètres"
    },
    "ym": {
      "expected": "yoctomètres"
    },
    "m": {
      "expected": "mètres"
    },
    "YB": {
      "expected": "yottaoctets"
    },
    "ZB": {
      "expected": "zettaoctets"
    },
    "EB": {
      "expected": "exaoctets"
    },
    "PB": {
      "expected": "pétaoctets"
    },
    "TB": {
      "expected": "téraoctets"
    },
    "GB": {
      "expected": "gigaoctets"
    },
    "MB": {
      "expected": "mégaoctets"
    },
    "kB": {
      "expected": "kilooctets"
    },
    "hB": {
      "expected": "hectooctets"
    },
    "daB": {
      "expected": "décaoctets"
    },
    "dB": {
      "expected": "décioctets"
    },
    "cB": {
      "expected": "centioctets"
    },
    "mB": {
      "expected": "millioctets"
    },
    "µB": {
      "expected": "microoctets"
    },
    "μB": {
      "expected": "microoctets"
    },
    "nB": {
      "expected": "nanooctets"
    },
    "pB": {
      "expected": "picooctets"
    },
    "fB": {
      "expected": "femtooctets"
    },
    "aB": {
      "expected": "attooctets"
    },
    "zB": {
      "expected": "zeptooctets"
    },
    "yB": {
      "expected": "yoctooctets"
    },
    "B": {
      "expected": "octets"
    },
    "Ys": {
      "expected": "yottasecondes"
    },
    "Zs": {
      "expected": "zettasecondes"
    },
    "Es": {
      "expected": "exasecondes"
    },
    "Ps": {
      "expected": "pétasecondes"
    },
    "Ts": {
      "expected": "térasecondes"
    },
    "Gs": {
      "expected": "gigasecondes"
    },
    "Ms": {
      "expected": "mégasecondes"
    },
    "ks": {
      "expected": "kilosecondes"
    },
    "hs": {
      "expected": "hectosecondes"
    },
    "das": {
      "expected": "décasecondes"
    },
    "ds": {
      "expected": "décisecondes"
    },
    "cs": {
      "expected": "centisecondes"
    },
    "ms": {
      "expected": "millisecondes"
    },
    "µs": {
      "expected": "microsecondes"
    },
    "μs": {
      "expected": "microsecondes"
    },
    "ns": {
      "expected": "nanosecondes"
    },
    "ps": {
      "expected": "picosecondes"
    },
    "fs": {
      "expected": "femtosecondes"
    },
    "as": {
      "expected": "attosecondes"
    },
    "zs": {
      "expected": "zeptosecondes"
    },
    "ys": {
      "expected": "yoctosecondes"
    },
    "s": {
      "expected": "secondes"
    },
    "Yl": {
      "expected": "yottalitres"
    },
    "Zl": {
      "expected": "zettalitres"
    },
    "El": {
      "expected": "exalitres"
    },
    "Pl": {
      "expected": "pétalitres"
    },
    "Tl": {
      "expected": "téralitres"
    },
    "Gl": {
      "expected": "gigalitres"
    },
    "Ml": {
      "expected": "mégalitres"
    },
    "kl": {
      "expected": "kilolitres"
    },
    "hl": {
      "expected": "hectolitres"
    },
    "dal": {
      "expected": "décalitres"
    },
    "dl": {
      "expected": "décilitres"
    },
    "cl": {
      "expected": "centilitres"
    },
    "ml": {
      "expected": "millilitres"
    },
    "µl": {
      "expected": "microlitres"
    },
    "μl": {
      "expected": "microlitres"
    },
    "nl": {
      "expected": "nanolitres"
    },
    "pl": {
      "expected": "picolitres"
    },
    "fl": {
      "expected": "femtolitres"
    },
    "al": {
      "expected": "attolitres"
    },
    "zl": {
      "expected": "zeptolitres"
    },
    "yl": {
      "expected": "yoctolitres"
    },
    "l": {
      "expected": "litres"
    },
    "Yg": {
      "expected": "yottagrammes"
    },
    "Zg": {
      "expected": "zettagrammes"
    },
    "Eg": {
      "expected": "exagrammes"
    },
    "Pg": {
      "expected": "pétagrammes"
    },
    "Tg": {
      "expected": "téragrammes"
    },
    "Gg": {
      "expected": "gigagrammes"
    },
    "Mg": {
      "expected": "mégagrammes"
    },
    "kg": {
      "expected": "kilogrammes"
    },
    "hg": {
      "expected": "hectogrammes"
    },
    "dag": {
      "expected": "décagrammes"
    },
    "dg": {
      "expected": "décigrammes"
    },
    "cg": {
      "expected": "centigrammes"
    },
    "mg": {
      "expected": "milligrammes"
    },
    "µg": {
      "expected": "microgrammes"
    },
    "μg": {
      "expected": "microgrammes"
    },
    "ng": {
      "expected": "nanogrammes"
    },
    "pg": {
      "expected": "picogrammes"
    },
    "fg": {
      "expected": "femtogrammes"
    },
    "ag": {
      "expected": "attogrammes"
    },
    "zg": {
      "expected": "zeptogrammes"
    },
    "yg": {
      "expected": "yoctogrammes"
    },
    "g": {
      "expected": "grammes"
    }
  }
}
