{
  "locale": "ko",
  "factory": "number",
  "base": "input/common/numbers.json",
  "information": "Korean Number word tests.",
  "kind": "numberToWords",
  "active": "NumbersKorean",
  "tests": {
    "Number_0": {
      "expected": "영"
    },
    "Number_1": {
      "expected": "일"
    },
    "Number_2": {
      "expected": "이"
    },
    "Number_3": {
      "expected": "삼"
    },
    "Number_4": {
      "expected": "사"
    },
    "Number_5": {
      "expected": "오"
    },
    "Number_6": {
      "expected": "육"
    },
    "Number_7": {
      "expected": "칠"
    },
    "Number_8": {
      "expected": "팔"
    },
    "Number_9": {
      "expected": "구"
    },
    "Number_10": {
      "expected": "십"
    },
    "Number_11": {
      "expected": "십일"
    },
    "Number_12": {
      "expected": "십이"
    },
    "Number_13": {
      "expected": "십삼"
    },
    "Number_14": {
      "expected": "십사"
    },
    "Number_15": {
      "expected": "십오"
    },
    "Number_16": {
      "expected": "십육"
    },
    "Number_17": {
      "expected": "십칠"
    },
    "Number_18": {
      "expected": "십팔"
    },
    "Number_19": {
      "expected": "십구"
    },
    "Number_20": {
      "expected": "이십"
    },
    "Number_21": {
      "expected": "이십일"
    },
    "Number_22": {
      "expected": "이십이"
    },
    "Number_23": {
      "expected": "이십삼"
    },
    "Number_24": {
      "expected": "이십사"
    },
    "Number_25": {
      "expected": "이십오"
    },
    "Number_26": {
      "expected": "이십육"
    },
    "Number_27": {
      "expected": "이십칠"
    },
    "Number_28": {
      "expected": "이십팔"
    },
    "Number_29": {
      "expected": "이십구"
    },
    "Number_30": {
      "expected": "삼십"
    },
    "Number_31": {
      "expected": "삼십일"
    },
    "Number_32": {
      "expected": "삼십이"
    },
    "Number_33": {
      "expected": "삼십삼"
    },
    "Number_34": {
      "expected": "삼십사"
    },
    "Number_35": {
      "expected": "삼십오"
    },
    "Number_36": {
      "expected": "삼십육"
    },
    "Number_37": {
      "expected": "삼십칠"
    },
    "Number_38": {
      "expected": "삼십팔"
    },
    "Number_39": {
      "expected": "삼십구"
    },
    "Number_40": {
      "expected": "사십"
    },
    "Number_41": {
      "expected": "사십일"
    },
    "Number_42": {
      "expected": "사십이"
    },
    "Number_43": {
      "expected": "사십삼"
    },
    "Number_44": {
      "expected": "사십사"
    },
    "Number_45": {
      "expected": "사십오"
    },
    "Number_46": {
      "expected": "사십육"
    },
    "Number_47": {
      "expected": "사십칠"
    },
    "Number_48": {
      "expected": "사십팔"
    },
    "Number_49": {
      "expected": "사십구"
    },
    "Number_50": {
      "expected": "오십"
    },
    "Number_51": {
      "expected": "오십일"
    },
    "Number_52": {
      "expected": "오십이"
    },
    "Number_53": {
      "expected": "오십삼"
    },
    "Number_54": {
      "expected": "오십사"
    },
    "Number_55": {
      "expected": "오십오"
    },
    "Number_56": {
      "expected": "오십육"
    },
    "Number_57": {
      "expected": "오십칠"
    },
    "Number_58": {
      "expected": "오십팔"
    },
    "Number_59": {
      "expected": "오십구"
    },
    "Number_60": {
      "expected": "육십"
    },
    "Number_61": {
      "expected": "육십일"
    },
    "Number_62": {
      "expected": "육십이"
    },
    "Number_63": {
      "expected": "육십삼"
    },
    "Number_64": {
      "expected": "육십사"
    },
    "Number_65": {
      "expected": "육십오"
    },
    "Number_66": {
      "expected": "육십육"
    },
    "Number_67": {
      "expected": "육십칠"
    },
    "Number_68": {
      "expected": "육십팔"
    },
    "Number_69": {
      "expected": "육십구"
    },
    "Number_70": {
      "expected": "칠십"
    },
    "Number_71": {
      "expected": "칠십일"
    },
    "Number_72": {
      "expected": "칠십이"
    },
    "Number_73": {
      "expected": "칠십삼"
    },
    "Number_74": {
      "expected": "칠십사"
    },
    "Number_75": {
      "expected": "칠십오"
    },
    "Number_76": {
      "expected": "칠십육"
    },
    "Number_77": {
      "expected": "칠십칠"
    },
    "Number_78": {
      "expected": "칠십팔"
    },
    "Number_79": {
      "expected": "칠십구"
    },
    "Number_80": {
      "expected": "팔십"
    },
    "Number_81": {
      "expected": "팔십일"
    },
    "Number_82": {
      "expected": "팔십이"
    },
    "Number_83": {
      "expected": "팔십삼"
    },
    "Number_84": {
      "expected": "팔십사"
    },
    "Number_85": {
      "expected": "팔십오"
    },
    "Number_86": {
      "expected": "팔십육"
    },
    "Number_87": {
      "expected": "팔십칠"
    },
    "Number_88": {
      "expected": "팔십팔"
    },
    "Number_89": {
      "expected": "팔십구"
    },
    "Number_90": {
      "expected": "구십"
    },
    "Number_91": {
      "expected": "구십일"
    },
    "Number_92": {
      "expected": "구십이"
    },
    "Number_93": {
      "expected": "구십삼"
    },
    "Number_94": {
      "expected": "구십사"
    },
    "Number_95": {
      "expected": "구십오"
    },
    "Number_96": {
      "expected": "구십육"
    },
    "Number_97": {
      "expected": "구십칠"
    },
    "Number_98": {
      "expected": "구십팔"
    },
    "Number_99": {
      "expected": "구십구"
    },
    "Number_100": {
      "expected": "백"
    },
    "Number_101": {
      "expected": "백일"
    },
    "Number_102": {
      "expected": "백이"
    },
    "Number_103": {
      "expected": "백삼"
    },
    "Number_104": {
      "expected": "백사"
    },
    "Number_105": {
      "expected": "백오"
    },
    "Number_106": {
      "expected": "백육"
    },
    "Number_107": {
      "expected": "백칠"
    },
    "Number_108": {
      "expected": "백팔"
    },
    "Number_109": {
      "expected": "백구"
    },
    "Number_110": {
      "expected": "백십"
    },
    "Number_200": {
      "expected": "이백"
    },
    "Number_201": {
      "expected": "이백일"
    },
    "Number_300": {
      "expected": "삼백"
    },
    "Number_301": {
      "expected": "삼백일"
    },
    "Number_400": {
      "expected": "사백"
    },
    "Number_401": {
      "expected": "사백일"
    },
    "Number_500": {
      "expected": "오백"
    },
    "Number_501": {
      "expected": "오백일"
    },
    "Number_600": {
      "expected": "육백"
    },
    "Number_601": {
      "expected": "육백일"
    },
    "Number_700": {
      "expected": "칠백"
    },
    "Number_701": {
      "expected": "칠백일"
    },
    "Number_800": {
      "expected": "팔백"
    },
    "Number_801": {
      "expected": "팔백일"
    },
    "Number_900": {
      "expected": "구백"
    },
    "Number_901": {
      "expected": "구백일"
    },
    "Number_1000": {
      "expected": "천"
    },
    "Number_1001": {
      "expected": "천일"
    },
    "Number_2000": {
      "expected": "이천"
    },
    "Number_2001": {
      "expected": "이천일"
    },
    "Number_3000": {
      "expected": "삼천"
    },
    "Number_3001": {
      "expected": "삼천일"
    },
    "Number_4000": {
      "expected": "사천"
    },
    "Number_4001": {
      "expected": "사천일"
    },
    "Number_5000": {
      "expected": "오천"
    },
    "Number_5001": {
      "expected": "오천일"
    },
    "Number_6000": {
      "expected": "육천"
    },
    "Number_6001": {
      "expected": "육천일"
    },
    "Number_7000": {
      "expected": "칠천"
    },
    "Number_7001": {
      "expected": "칠천일"
    },
    "Number_8000": {
      "expected": "팔천"
    },
    "Number_8001": {
      "expected": "팔천일"
    },
    "Number_9000": {
      "expected": "구천"
    },
    "Number_9001": {
      "expected": "구천일"
    },
    "Number_10000": {
      "expected": "일만"
    },
    "Number_10001": {
      "expected": "일만 일"
    },
    "Number_20000": {
      "expected": "이만"
    },
    "Number_20001": {
      "expected": "이만 일"
    },
    "Number_30000": {
      "expected": "삼만"
    },
    "Number_30001": {
      "expected": "삼만 일"
    },
    "Number_40000": {
      "expected": "사만"
    },
    "Number_40001": {
      "expected": "사만 일"
    },
    "Number_50000": {
      "expected": "오만"
    },
    "Number_50001": {
      "expected": "오만 일"
    },
    "Number_60000": {
      "expected": "육만"
    },
    "Number_60001": {
      "expected": "육만 일"
    },
    "Number_70000": {
      "expected": "칠만"
    },
    "Number_70001": {
      "expected": "칠만 일"
    },
    "Number_80000": {
      "expected": "팔만"
    },
    "Number_80001": {
      "expected": "팔만 일"
    },
    "Number_90000": {
      "expected": "구만"
    },
    "Number_90001": {
      "expected": "구만 일"
    },
    "Number_100000": {
      "expected": "십만"
    },
    "Number_1000000": {
      "expected": "백만"
    },
    "Number_10000000": {
      "expected": "천만"
    },
    "Number_100000000": {
      "expected": "일억"
    },
    "Number_1000000000": {
      "expected": "십억"
    },
    "Number_10000000000": {
      "expected": "백억"
    },
    "Number_100000000000": {
      "expected": "천억"
    },
    "Number_1000000000000": {
      "expected": "일조"
    },
    "Number_10000000000000": {
      "expected": "십조"
    },
    "Number_100000000000000": {
      "expected": "백조"
    },
    "Number_1000000000000000": {
      "expected": "천조"
    },
    "Number_10000000000000000": {
      "expected": "일경"
    }
  }
}
