{
  "locale": "nn",
  "name": "NynorskExtraFunction",
  "type": "function",
  "factory": "symbol",
  "active": "ExtraSymbolsNynorsk",
  "information": "Nynorsk Extra Function tests.",
  "compare": true,
  "tests": {}
}
