{
  "name": "NemethDefaultAlphabetParenthesized",
  "locale": "nemeth",
  "domain": "default",
  "modality": "braille",
  "style": "default",
  "compare": true,
  "active": "DefaultSymbolsNemeth",
  "type": "character",
  "factory": "symbol",
  "information": "Nemeth Default Alphabet parenthesized tests.",
  "tests": {
    "РЉ┤": {
      "expected": "РаиРаѓРаЙ"
    },
    "РЉх": {
      "expected": "РаиРаєРаЙ"
    },
    "РЉХ": {
      "expected": "РаиРањРаЙ"
    },
    "РЉи": {
      "expected": "РаиРа▓РаЙ"
    },
    "РЉИ": {
      "expected": "РаиРабРаЙ"
    },
    "РЉ╣": {
      "expected": "РаиРаќРаЙ"
    },
    "РЉ║": {
      "expected": "РаиРаХРаЙ"
    },
    "РЉ╗": {
      "expected": "РаиРадРаЙ"
    },
    "РЉ╝": {
      "expected": "РаиРаћРаЙ"
    },
    "РЉй": {
      "expected": "РаиРаѓРа┤РаЙ"
    },
    "РЉЙ": {
      "expected": "РаиРаѓРаѓРаЙ"
    },
    "РЉ┐": {
      "expected": "РаиРаѓРаєРаЙ"
    },
    "Рњђ": {
      "expected": "РаиРаѓРањРаЙ"
    },
    "РњЂ": {
      "expected": "РаиРаѓРа▓РаЙ"
    },
    "Рњѓ": {
      "expected": "РаиРаѓРабРаЙ"
    },
    "РњЃ": {
      "expected": "РаиРаѓРаќРаЙ"
    },
    "Рњё": {
      "expected": "РаиРаѓРаХРаЙ"
    },
    "РњЁ": {
      "expected": "РаиРаѓРадРаЙ"
    },
    "Рњє": {
      "expected": "РаиРаѓРаћРаЙ"
    },
    "РњЄ": {
      "expected": "РаиРаєРа┤РаЙ"
    },
    "­Ъёљ": {
      "expected": "РаиРааРаЂРаЙ"
    },
    "­ЪёЉ": {
      "expected": "РаиРааРаЃРаЙ"
    },
    "­Ъёњ": {
      "expected": "РаиРааРаЅРаЙ"
    },
    "­ЪёЊ": {
      "expected": "РаиРааРаЎРаЙ"
    },
    "­Ъёћ": {
      "expected": "РаиРааРаЉРаЙ"
    },
    "­ЪёЋ": {
      "expected": "РаиРааРаІРаЙ"
    },
    "­Ъёќ": {
      "expected": "РаиРааРаЏРаЙ"
    },
    "­ЪёЌ": {
      "expected": "РаиРааРаЊРаЙ"
    },
    "­Ъёў": {
      "expected": "РаиРааРаіРаЙ"
    },
    "­ЪёЎ": {
      "expected": "РаиРааРаџРаЙ"
    },
    "­Ъёџ": {
      "expected": "РаиРааРаЁРаЙ"
    },
    "­ЪёЏ": {
      "expected": "РаиРааРаЄРаЙ"
    },
    "­Ъёю": {
      "expected": "РаиРааРаЇРаЙ"
    },
    "­ЪёЮ": {
      "expected": "РаиРааРаЮРаЙ"
    },
    "­Ъёъ": {
      "expected": "РаиРааРаЋРаЙ"
    },
    "­ЪёЪ": {
      "expected": "РаиРааРаЈРаЙ"
    },
    "­Ъёа": {
      "expected": "РаиРааРаЪРаЙ"
    },
    "­ЪёА": {
      "expected": "РаиРааРаЌРаЙ"
    },
    "­Ъёб": {
      "expected": "РаиРааРајРаЙ"
    },
    "­ЪёБ": {
      "expected": "РаиРааРаъРаЙ"
    },
    "­Ъёц": {
      "expected": "РаиРааРаЦРаЙ"
    },
    "­ЪёЦ": {
      "expected": "РаиРааРаДРаЙ"
    },
    "­Ъёд": {
      "expected": "РаиРааРа║РаЙ"
    },
    "­ЪёД": {
      "expected": "РаиРааРаГРаЙ"
    },
    "­Ъёе": {
      "expected": "РаиРааРайРаЙ"
    },
    "­ЪёЕ": {
      "expected": "РаиРааРахРаЙ"
    },
    "Рњю": {
      "expected": "РаиРаЂРаЙ"
    },
    "РњЮ": {
      "expected": "РаиРаЃРаЙ"
    },
    "Рњъ": {
      "expected": "РаиРаЅРаЙ"
    },
    "РњЪ": {
      "expected": "РаиРаЎРаЙ"
    },
    "Рња": {
      "expected": "РаиРаЉРаЙ"
    },
    "РњА": {
      "expected": "РаиРаІРаЙ"
    },
    "Рњб": {
      "expected": "РаиРаЏРаЙ"
    },
    "РњБ": {
      "expected": "РаиРаЊРаЙ"
    },
    "Рњц": {
      "expected": "РаиРаіРаЙ"
    },
    "РњЦ": {
      "expected": "РаиРаџРаЙ"
    },
    "Рњд": {
      "expected": "РаиРаЁРаЙ"
    },
    "РњД": {
      "expected": "РаиРаЄРаЙ"
    },
    "Рње": {
      "expected": "РаиРаЇРаЙ"
    },
    "РњЕ": {
      "expected": "РаиРаЮРаЙ"
    },
    "Рњф": {
      "expected": "РаиРаЋРаЙ"
    },
    "РњФ": {
      "expected": "РаиРаЈРаЙ"
    },
    "Рњг": {
      "expected": "РаиРаЪРаЙ"
    },
    "РњГ": {
      "expected": "РаиРаЌРаЙ"
    },
    "Рњ«": {
      "expected": "РаиРајРаЙ"
    },
    "Рњ»": {
      "expected": "РаиРаъРаЙ"
    },
    "Рњ░": {
      "expected": "РаиРаЦРаЙ"
    },
    "Рњ▒": {
      "expected": "РаиРаДРаЙ"
    },
    "Рњ▓": {
      "expected": "РаиРа║РаЙ"
    },
    "Рњ│": {
      "expected": "РаиРаГРаЙ"
    },
    "Рњ┤": {
      "expected": "РаиРайРаЙ"
    },
    "Рњх": {
      "expected": "РаиРахРаЙ"
    }
  }
}
