{
  "name": "NemethDefaultAlphabetScript",
  "locale": "nemeth",
  "domain": "default",
  "modality": "braille",
  "style": "default",
  "compare": true,
  "active": "DefaultSymbolsNemeth",
  "type": "character",
  "factory": "symbol",
  "information": "Nemeth Default Alphabet script tests.",
  "tests": {
    "­Юњю": {
      "expected": "РаѕРааРаЂ"
    },
    "Рёг": {
      "expected": "РаѕРааРаЃ"
    },
    "­Юњъ": {
      "expected": "РаѕРааРаЅ"
    },
    "­ЮњЪ": {
      "expected": "РаѕРааРаЎ"
    },
    "Рё░": {
      "expected": "РаѕРааРаЉ"
    },
    "Рё▒": {
      "expected": "РаѕРааРаІ"
    },
    "­Юњб": {
      "expected": "РаѕРааРаЏ"
    },
    "РёІ": {
      "expected": "РаѕРааРаЊ"
    },
    "Рёљ": {
      "expected": "РаѕРааРаі"
    },
    "­ЮњЦ": {
      "expected": "РаѕРааРаџ"
    },
    "­Юњд": {
      "expected": "РаѕРааРаЁ"
    },
    "Рёњ": {
      "expected": "РаѕРааРаЄ"
    },
    "Рё│": {
      "expected": "РаѕРааРаЇ"
    },
    "­ЮњЕ": {
      "expected": "РаѕРааРаЮ"
    },
    "­Юњф": {
      "expected": "РаѕРааРаЋ"
    },
    "­ЮњФ": {
      "expected": "РаѕРааРаЈ"
    },
    "­Юњг": {
      "expected": "РаѕРааРаЪ"
    },
    "РёЏ": {
      "expected": "РаѕРааРаЌ"
    },
    "­Юњ«": {
      "expected": "РаѕРааРај"
    },
    "­Юњ»": {
      "expected": "РаѕРааРаъ"
    },
    "­Юњ░": {
      "expected": "РаѕРааРаЦ"
    },
    "­Юњ▒": {
      "expected": "РаѕРааРаД"
    },
    "­Юњ▓": {
      "expected": "РаѕРааРа║"
    },
    "­Юњ│": {
      "expected": "РаѕРааРаГ"
    },
    "­Юњ┤": {
      "expected": "РаѕРааРай"
    },
    "­Юњх": {
      "expected": "РаѕРааРах"
    },
    "­ЮњХ": {
      "expected": "РаѕРаЂ"
    },
    "­Юњи": {
      "expected": "РаѕРаЃ"
    },
    "­ЮњИ": {
      "expected": "РаѕРаЅ"
    },
    "­Юњ╣": {
      "expected": "РаѕРаЎ"
    },
    "Рё»": {
      "expected": "РаѕРаЉ"
    },
    "­Юњ╗": {
      "expected": "РаѕРаІ"
    },
    "Рёі": {
      "expected": "РаѕРаЏ"
    },
    "­Юњй": {
      "expected": "РаѕРаЊ"
    },
    "­ЮњЙ": {
      "expected": "РаѕРаі"
    },
    "­Юњ┐": {
      "expected": "РаѕРаџ"
    },
    "­ЮЊђ": {
      "expected": "РаѕРаЁ"
    },
    "­ЮЊЂ": {
      "expected": "РаѕРаЄ"
    },
    "­ЮЊѓ": {
      "expected": "РаѕРаЇ"
    },
    "­ЮЊЃ": {
      "expected": "РаѕРаЮ"
    },
    "Рё┤": {
      "expected": "РаѕРаЋ"
    },
    "­ЮЊЁ": {
      "expected": "РаѕРаЈ"
    },
    "­ЮЊє": {
      "expected": "РаѕРаЪ"
    },
    "­ЮЊЄ": {
      "expected": "РаѕРаЌ"
    },
    "­ЮЊѕ": {
      "expected": "РаѕРај"
    },
    "­ЮЊЅ": {
      "expected": "РаѕРаъ"
    },
    "­ЮЊі": {
      "expected": "РаѕРаЦ"
    },
    "­ЮЊІ": {
      "expected": "РаѕРаД"
    },
    "­ЮЊї": {
      "expected": "РаѕРа║"
    },
    "­ЮЊЇ": {
      "expected": "РаѕРаГ"
    },
    "­ЮЊј": {
      "expected": "РаѕРай"
    },
    "­ЮЊЈ": {
      "expected": "РаѕРах"
    }
  }
}
