{
  "factory": "braille2D",
  "name": "Nemeth2dMatricesTests",
  "information": "Two Dimensional rules for matrix structures.",
  "locale": "nemeth",
  "domain": "default",
  "style": "default",
  "modality": "braille",
  "active": "Nemeth2D",
  "tests": {
    "aata-8.3.1": {
      "input": "<math><mrow><mo>(</mo><mtable><mtr><mtd><msub><mi>a</mi><mrow><mn>11</mn></mrow></msub></mtd><mtd><msub><mi>a</mi><mrow><mn>12</mn></mrow></msub></mtd><mtd><mo>&#x22EF;</mo></mtd><mtd><msub><mi>a</mi><mrow><mn>1</mn><mo>,</mo><mi>n</mi><mo>&#x2212;</mo><mi>m</mi></mrow></msub></mtd></mtr><mtr><mtd><msub><mi>a</mi><mrow><mn>21</mn></mrow></msub></mtd><mtd><msub><mi>a</mi><mrow><mn>22</mn></mrow></msub></mtd><mtd><mo>&#x22EF;</mo></mtd><mtd><msub><mi>a</mi><mrow><mn>2</mn><mo>,</mo><mi>n</mi><mo>&#x2212;</mo><mi>m</mi></mrow></msub></mtd></mtr><mtr><mtd><mrow><mo>&#x22EE;</mo></mrow></mtd><mtd><mrow><mo>&#x22EE;</mo></mrow></mtd><mtd><mo>&#x22F1;</mo></mtd><mtd><mrow><mo>&#x22EE;</mo></mrow></mtd></mtr><mtr><mtd><msub><mi>a</mi><mrow><mi>m</mi><mn>1</mn></mrow></msub></mtd><mtd><msub><mi>a</mi><mrow><mi>m</mi><mn>2</mn></mrow></msub></mtd><mtd><mo>&#x22EF;</mo></mtd><mtd><msub><mi>a</mi><mrow><mi>m</mi><mo>,</mo><mi>n</mi><mo>&#x2212;</mo><mi>m</mi></mrow></msub></mtd></mtr></mtable><mo>)</mo></mrow></math>",
      "expected": "⠠⠷⠁⠂⠂⠀⠀⠀⠀⠁⠂⠆⠀⠀⠀⠀⠄⠄⠄⠀⠁⠰⠼⠂⠠⠀⠝⠤⠍⠐⠠⠾\n⠠⠷⠁⠆⠂⠀⠀⠀⠀⠁⠆⠆⠀⠀⠀⠀⠄⠄⠄⠀⠁⠰⠼⠆⠠⠀⠝⠤⠍⠐⠠⠾\n⠠⠷⠄⠄⠄⠀⠀⠀⠀⠄⠄⠄⠀⠀⠀⠀⠄⠄⠄⠀⠄⠄⠄⠀⠀⠀⠀⠀⠀⠀⠠⠾\n⠠⠷⠁⠰⠍⠐⠂⠐⠀⠁⠰⠍⠐⠆⠐⠀⠄⠄⠄⠀⠁⠰⠍⠠⠀⠝⠤⠍⠀⠀⠠⠾"
    },
    "aata-8.3.2-full": {
      "input": "<math><mi>H</mi><mrow><mrow><mi mathvariant=\"bold\">x</mi></mrow></mrow><mo>=</mo><mrow><mo>(</mo><mtable><mtr><mtd><mn>0</mn></mtd></mtr><mtr><mtd><mn>0</mn></mtd></mtr><mtr><mtd><mn>0</mn></mtd></mtr></mtable><mo>)</mo></mrow><mstyle scriptlevel=\"0\"><mspace width=\"2em\"></mspace></mstyle><mtext>and</mtext><mstyle scriptlevel=\"0\"><mspace width=\"2em\"></mspace></mstyle><mi>H</mi><mrow><mrow><mi mathvariant=\"bold\">y</mi></mrow></mrow><mo>=</mo><mrow><mo>(</mo><mtable><mtr><mtd><mn>1</mn></mtd></mtr><mtr><mtd><mn>0</mn></mtd></mtr><mtr><mtd><mn>1</mn></mtd></mtr></mtable><mo>)</mo></mrow><mtext>.</mtext></math>",
      "expected": "⠠⠓⠸⠰⠭⠀⠨⠅⠀⠠⠷⠼⠴⠠⠾⠁⠝⠙⠠⠓⠸⠰⠽⠀⠨⠅⠀⠠⠷⠼⠂⠠⠾⠨\n⠀⠀⠀⠀⠀⠀⠀⠀⠀⠠⠷⠼⠴⠠⠾⠀⠀⠀⠀⠀⠀⠀⠀⠀⠀⠀⠀⠠⠷⠼⠴⠠⠾⠀\n⠀⠀⠀⠀⠀⠀⠀⠀⠀⠠⠷⠼⠴⠠⠾⠀⠀⠀⠀⠀⠀⠀⠀⠀⠀⠀⠀⠠⠷⠼⠂⠠⠾⠀"
    },
    "aata-8.3.2": {
      "input": "<math><mi>H</mi><mrow><mrow><mi mathvariant=\"bold\">x</mi></mrow></mrow><mo>=</mo><mrow><mo>(</mo><mtable><mtr><mtd><mn>0</mn></mtd></mtr><mtr><mtd><mn>0</mn></mtd></mtr><mtr><mtd><mn>0</mn></mtd></mtr></mtable><mo>)</mo></mrow></math>",
      "expected": "⠠⠓⠸⠰⠭⠀⠨⠅⠀⠠⠷⠼⠴⠠⠾\n⠀⠀⠀⠀⠀⠀⠀⠀⠀⠠⠷⠼⠴⠠⠾\n⠀⠀⠀⠀⠀⠀⠀⠀⠀⠠⠷⠼⠴⠠⠾"
    },
    "aata-8.3.3": {
      "input": "<math><mi>H</mi><mrow><mrow><mi mathvariant=\"bold\">y</mi></mrow></mrow><mo>=</mo><mrow><mo>(</mo><mtable><mtr><mtd><mn>1</mn></mtd></mtr><mtr><mtd><mn>0</mn></mtd></mtr><mtr><mtd><mn>1</mn></mtd></mtr></mtable><mo>)</mo></mrow></math>",
      "expected": "⠠⠓⠸⠰⠽⠀⠨⠅⠀⠠⠷⠼⠂⠠⠾\n⠀⠀⠀⠀⠀⠀⠀⠀⠀⠠⠷⠼⠴⠠⠾\n⠀⠀⠀⠀⠀⠀⠀⠀⠀⠠⠷⠼⠂⠠⠾"
    },
    "aata-8.4.1": {
      "input": "<math><mi>H</mi><mo>=</mo><mrow><mo>(</mo><mtable><mtr><mtd><mn>1</mn></mtd><mtd><mn>1</mn></mtd><mtd><mn>1</mn></mtd><mtd><mn>0</mn></mtd><mtd><mn>0</mn></mtd></mtr><mtr><mtd><mn>0</mn></mtd><mtd><mn>1</mn></mtd><mtd><mn>0</mn></mtd><mtd><mn>1</mn></mtd><mtd><mn>0</mn></mtd></mtr><mtr><mtd><mn>1</mn></mtd><mtd><mn>0</mn></mtd><mtd><mn>0</mn></mtd><mtd><mn>0</mn></mtd><mtd><mn>1</mn></mtd></mtr></mtable><mo>)</mo></mrow></math>",
      "expected": "⠠⠓⠀⠨⠅⠀⠠⠷⠼⠂⠀⠼⠂⠀⠼⠂⠀⠼⠴⠀⠼⠴⠠⠾\n⠀⠀⠀⠀⠀⠀⠠⠷⠼⠴⠀⠼⠂⠀⠼⠴⠀⠼⠂⠀⠼⠴⠠⠾\n⠀⠀⠀⠀⠀⠀⠠⠷⠼⠂⠀⠼⠴⠀⠼⠴⠀⠼⠴⠀⠼⠂⠠⠾"
    },
    "ex16.11-1": {
      "input": "<math><mrow><mo>&#x27E8;</mo><mtable><mtr><mtd><mn>1</mn></mtd></mtr><mtr><mtd><mn>2</mn></mtd></mtr><mtr><mtd><mn>3</mn></mtd></mtr><mtr><mtd><mn>4</mn></mtd></mtr><mtr><mtd><mn>5</mn></mtd></mtr><mtr><mtd><mn>6</mn></mtd></mtr><mtr><mtd><mn>7</mn></mtd></mtr><mtr><mtd><mn>8</mn></mtd></mtr><mtr><mtd><mn>9</mn></mtd></mtr><mtr><mtd><mn>10</mn></mtd></mtr></mtable><mo>&#x27E9;</mo></mrow></math>",
      "expected": "⠨⠨⠠⠷⠼⠂⠀⠨⠨⠠⠾\n⠨⠨⠠⠷⠼⠆⠀⠨⠨⠠⠾\n⠨⠨⠠⠷⠼⠒⠀⠨⠨⠠⠾\n⠨⠨⠠⠷⠼⠲⠀⠨⠨⠠⠾\n⠨⠨⠠⠷⠼⠢⠀⠨⠨⠠⠾\n⠨⠨⠠⠷⠼⠖⠀⠨⠨⠠⠾\n⠨⠨⠠⠷⠼⠶⠀⠨⠨⠠⠾\n⠨⠨⠠⠷⠼⠦⠀⠨⠨⠠⠾\n⠨⠨⠠⠷⠼⠔⠀⠨⠨⠠⠾\n⠨⠨⠠⠷⠼⠂⠴⠨⠨⠠⠾"
    },
    "ex16.13-1": {
      "input": "<math><mrow><mo>[</mo><mtable><mtr><mtd><mn>1</mn></mtd><mtd><mn>9</mn></mtd><mtd><mo>-</mo><mn>13</mn></mtd></mtr><mtr><mtd><mn>20</mn></mtd><mtd><mn>5</mn></mtd><mtd><mo>-</mo><mn>6</mn></mtd></mtr></mtable><mo>]</mo></mrow></math>",
      "expected": "⠈⠠⠷⠼⠂⠀⠀⠼⠔⠀⠤⠼⠂⠒⠈⠠⠾\n⠈⠠⠷⠼⠆⠴⠀⠼⠢⠀⠤⠼⠖⠀⠈⠠⠾"
    },
    "ex16.13-2": {
      "input": "<math><mrow><mo>|</mo><mtable><mtr><mtd><mi>a</mi></mtd><mtd><mi>b</mi></mtd></mtr><mtr><mtd><mi>c</mi></mtd><mtd><mi>d</mi></mtd></mtr></mtable><mo>|</mo></mrow></math>",
      "expected": "⠠⠳⠁⠀⠃⠠⠳\n⠠⠳⠉⠀⠙⠠⠳"
    },
    "matrix1": {
      "input": "<math><mi>A</mi><mo>=</mo><mrow><mo>(</mo><mtable><mtr><mtd><mi>a</mi></mtd><mtd><mi>b</mi></mtd></mtr><mtr><mtd><mi>c</mi></mtd><mtd><mi>d</mi></mtd></mtr></mtable><mo>)</mo></mrow></math>",
      "expected": "⠠⠁⠀⠨⠅⠀⠠⠷⠁⠀⠃⠠⠾\n⠀⠀⠀⠀⠀⠀⠠⠷⠉⠀⠙⠠⠾"
    },
    "pmatrix": {
      "input": "<math><mrow><mo>(</mo><mtable><mtr><mtd><mi>a</mi></mtd><mtd><mi>b</mi></mtd></mtr><mtr><mtd><mi>c</mi></mtd><mtd><mi>d</mi></mtd></mtr></mtable><mo>)</mo></mrow></math>",
      "expected": "⠠⠷⠁⠀⠃⠠⠾\n⠠⠷⠉⠀⠙⠠⠾"
    },
    "bmatrix": {
      "input": "<math><mrow><mo>[</mo><mtable><mtr><mtd><mi>a</mi></mtd><mtd><mi>b</mi></mtd></mtr><mtr><mtd><mi>c</mi></mtd><mtd><mi>d</mi></mtd></mtr></mtable><mo>]</mo></mrow></math>",
      "expected": "⠈⠠⠷⠁⠀⠃⠈⠠⠾\n⠈⠠⠷⠉⠀⠙⠈⠠⠾"
    },
    "vmatrix": {
      "input": "<math><mrow><mo>|</mo><mtable><mtr><mtd><mi>a</mi></mtd><mtd><mi>b</mi></mtd></mtr><mtr><mtd><mi>c</mi></mtd><mtd><mi>d</mi></mtd></mtr></mtable><mo>|</mo></mrow></math>",
      "expected": "⠠⠳⠁⠀⠃⠠⠳\n⠠⠳⠉⠀⠙⠠⠳"
    },
    "nested": {
      "input": "<math><mrow><mo>(</mo><mtable><mtr><mtd><mrow><mo>(</mo><mtable><mtr><mtd><mi>a</mi></mtd><mtd><mi>b</mi></mtd></mtr><mtr><mtd><mi>c</mi></mtd><mtd><mi>d</mi></mtd></mtr></mtable><mo>)</mo></mrow></mtd><mtd><mi>r</mi></mtd><mtd><mi>s</mi></mtd></mtr><mtr><mtd><mn>1</mn></mtd><mtd><mn>2</mn></mtd><mtd><mn>3</mn></mtd></mtr></mtable><mo>)</mo></mrow></math>",
      "expected": "⠠⠷⠠⠷⠁⠀⠃⠠⠾⠀⠗⠀⠀⠎⠀⠠⠾\n⠠⠷⠠⠷⠉⠀⠙⠠⠾⠀⠀⠀⠀⠀⠀⠠⠾\n⠠⠷⠀⠀⠀⠀⠀⠀⠀⠀⠀⠀⠀⠀⠀⠠⠾\n⠠⠷⠼⠂⠀⠀⠀⠀⠀⠀⠼⠆⠀⠼⠒⠠⠾"
    },
    "aata_9.4.10": {
      "_comment_": "Multiple matrices in a table",
      "input": "<math><mtable displaystyle=\"true\" columnalign=\"right\" columnspacing=\"\" rowspacing=\"3pt\" minlabelspacing=\".8em\"><mtr><mtd><mrow data-mjx-texclass=\"INNER\"><mo data-mjx-texclass=\"OPEN\"></mo><mtable columnalign=\"center\" columnspacing=\"1em\" rowspacing=\"4pt\"><mtr><mtd><mn></mn></mtd><mtd><mn></mn></mtd><mtd><mn></mn></mtd></mtr><mtr><mtd><mn></mn></mtd><mtd><mn></mn></mtd><mtd><mn></mn></mtd></mtr><mtr><mtd><mn></mn></mtd><mtd><mn></mn></mtd><mtd><mn></mn></mtd></mtr></mtable><mo data-mjx-texclass=\"CLOSE\"></mo></mrow><mstyle scriptlevel=\"0\"><mspace width=\"1em\"></mspace></mstyle><mrow data-mjx-texclass=\"INNER\"><mo data-mjx-texclass=\"OPEN\"></mo><mtable columnalign=\"center\" columnspacing=\"1em\" rowspacing=\"4pt\"><mtr><mtd><mn></mn></mtd><mtd><mn></mn></mtd><mtd><mn></mn></mtd></mtr><mtr><mtd><mn></mn></mtd><mtd><mn></mn></mtd><mtd><mn></mn></mtd></mtr><mtr><mtd><mn></mn></mtd><mtd><mn></mn></mtd><mtd><mn></mn></mtd></mtr></mtable><mo data-mjx-texclass=\"CLOSE\"></mo></mrow><mstyle scriptlevel=\"0\"><mspace width=\"1em\"></mspace></mstyle><mrow data-mjx-texclass=\"INNER\"><mo data-mjx-texclass=\"OPEN\"></mo><mtable columnalign=\"center\" columnspacing=\"1em\" rowspacing=\"4pt\"><mtr><mtd><mn></mn></mtd><mtd><mn></mn></mtd><mtd><mn></mn></mtd></mtr><mtr><mtd><mn></mn></mtd><mtd><mn></mn></mtd><mtd><mn></mn></mtd></mtr><mtr><mtd><mn></mn></mtd><mtd><mn></mn></mtd><mtd><mn></mn></mtd></mtr></mtable><mo data-mjx-texclass=\"CLOSE\"></mo></mrow></mtd></mtr><mtr><mtd><mrow data-mjx-texclass=\"INNER\"><mo data-mjx-texclass=\"OPEN\"></mo><mtable columnalign=\"center\" columnspacing=\"1em\" rowspacing=\"4pt\"><mtr><mtd><mn></mn></mtd><mtd><mn></mn></mtd><mtd><mn></mn></mtd></mtr><mtr><mtd><mn></mn></mtd><mtd><mn></mn></mtd><mtd><mn></mn></mtd></mtr><mtr><mtd><mn></mn></mtd><mtd><mn></mn></mtd><mtd><mn></mn></mtd></mtr></mtable><mo data-mjx-texclass=\"CLOSE\"></mo></mrow><mstyle scriptlevel=\"0\"><mspace width=\"1em\"></mspace></mstyle><mrow data-mjx-texclass=\"INNER\"><mo data-mjx-texclass=\"OPEN\"></mo><mtable columnalign=\"center\" columnspacing=\"1em\" rowspacing=\"4pt\"><mtr><mtd><mn></mn></mtd><mtd><mn></mn></mtd><mtd><mn></mn></mtd></mtr><mtr><mtd><mn></mn></mtd><mtd><mn></mn></mtd><mtd><mn></mn></mtd></mtr><mtr><mtd><mn></mn></mtd><mtd><mn></mn></mtd><mtd><mn></mn></mtd></mtr></mtable><mo data-mjx-texclass=\"CLOSE\"></mo></mrow><mstyle scriptlevel=\"0\"><mspace width=\"1em\"></mspace></mstyle><mrow data-mjx-texclass=\"INNER\"><mo data-mjx-texclass=\"OPEN\"></mo><mtable columnalign=\"center\" columnspacing=\"1em\" rowspacing=\"4pt\"><mtr><mtd><mn></mn></mtd><mtd><mn></mn></mtd><mtd><mn></mn></mtd></mtr><mtr><mtd><mn></mn></mtd><mtd><mn></mn></mtd><mtd><mn></mn></mtd></mtr><mtr><mtd><mn></mn></mtd><mtd><mn></mn></mtd><mtd><mn></mn></mtd></mtr></mtable><mo data-mjx-texclass=\"CLOSE\"></mo></mrow></mtd></mtr></mtable></math>",
      "expected": "⠠⠷⠼⠂⠀⠼⠴⠀⠼⠴⠠⠾⠠⠷⠼⠂⠀⠼⠴⠀⠼⠴⠠⠾⠠⠷⠼⠴⠀⠼⠂⠀⠼⠴⠠⠾\n⠠⠷⠼⠴⠀⠼⠂⠀⠼⠴⠠⠾⠠⠷⠼⠴⠀⠼⠴⠀⠼⠂⠠⠾⠠⠷⠼⠂⠀⠼⠴⠀⠼⠴⠠⠾\n⠠⠷⠼⠴⠀⠼⠴⠀⠼⠂⠠⠾⠠⠷⠼⠴⠀⠼⠂⠀⠼⠴⠠⠾⠠⠷⠼⠴⠀⠼⠴⠀⠼⠂⠠⠾\n\n⠠⠷⠼⠴⠀⠼⠴⠀⠼⠂⠠⠾⠠⠷⠼⠴⠀⠼⠴⠀⠼⠂⠠⠾⠠⠷⠼⠴⠀⠼⠂⠀⠼⠴⠠⠾\n⠠⠷⠼⠂⠀⠼⠴⠀⠼⠴⠠⠾⠠⠷⠼⠴⠀⠼⠂⠀⠼⠴⠠⠾⠠⠷⠼⠴⠀⠼⠴⠀⠼⠂⠠⠾\n⠠⠷⠼⠴⠀⠼⠂⠀⠼⠴⠠⠾⠠⠷⠼⠂⠀⠼⠴⠀⠼⠴⠠⠾⠠⠷⠼⠂⠀⠼⠴⠀⠼⠴⠠⠾"
    }
  }
}
