{
  "_comment0_": " With support from the Mozilla Foundation under a MOSS grant.",
  "name": "NynorskClearspeakNamedSets",
  "locale": "nn",
  "factory": "clearspeak",
  "base": "input/clearspeak/clearspeak_named_sets.json",
  "information": "Nynorsk Clearspeak NamedSets rule tests.",
  "active": "ClearspeakNynorsk",
  "exclude": [],
  "compare": true,
  "tests": {
    "NumSys001": {
      "expected": "the real numbers"
    },
    "NumSys001a": {
      "expected": "the real numbers"
    },
    "NumSys002": {
      "expected": "the complex numbers"
    },
    "NumSys002a": {
      "expected": "the complex numbers"
    },
    "NumSys003": {
      "expected": "the integers"
    },
    "NumSys003a": {
      "expected": "the integers"
    },
    "NumSys004": {
      "expected": "the rational numbers"
    },
    "NumSys004a": {
      "expected": "the rational numbers"
    },
    "NumSys005": {
      "expected": "the natural numbers"
    },
    "NumSys005a": {
      "expected": "the natural numbers"
    },
    "NumSys005_1": {
      "expected": "the natural numbers with zero"
    },
    "NumSys005_1a": {
      "expected": "the natural numbers with zero"
    },
    "NumSys006": {
      "expected": "the positive integers"
    },
    "NumSys006a": {
      "expected": "the positive integers"
    },
    "NumSys006_1": {
      "expected": "the negative integers"
    },
    "NumSys006_1a": {
      "expected": "the negative integers"
    },
    "NumSys007": {},
    "NumSys007a": {},
    "NumSys008": {},
    "NumSys008a": {},
    "NumSys009": {
      "expected": "c-n-th"
    },
    "NumSys009a": {
      "expected": "c-n-th"
    },
    "NumSys010": {
      "expected": "r-uendeleg-th"
    },
    "NumSys010a": {
      "expected": "r-uendeleg-th"
    }
  }
}
