{
  "factory": "semanticApi",
  "tests": "ALL",
  "information": "Semantic api juxtaposition tests.",
  "base": "input/semantic/juxtaposition.json"
}
