{
  "name": "SwedishMathspeakRoots",
  "locale": "sv",
  "factory": "speech",
  "base": "input/mathspeak/mathspeak_roots.json",
  "information": "Swedish Mathspeak Roots tests.",
  "domain": "mathspeak",
  "active": "MathspeakSwedish",
  "exclude": [],
  "compare": true,
  "tests": {
    "sqrt_0_default": {
      "expected": "startrot a slutrot"
    },
    "sqrt_0_brief": {
      "expected": "startrot a slutrot"
    },
    "sqrt_0_sbrief": {
      "expected": "rot a slutrot"
    },
    "sqrt_1_default": {
      "expected": "rotindex 2 startrot a slutrot"
    },
    "sqrt_1_brief": {
      "expected": "rotindex 2 startrot a slutrot"
    },
    "sqrt_1_sbrief": {
      "expected": "index 2 rot a slutrot"
    },
    "sqrt_2_default": {
      "expected": "nästladstartrot startrot a slutrot nästladslutrot"
    },
    "sqrt_2_brief": {
      "expected": "nästestartrot startrot a slutrot nästeslutrot"
    },
    "sqrt_2_sbrief": {
      "expected": "nästerot rot a slutrot nästeslutrot"
    },
    "sqrt_3_default": {
      "expected": "nästlad3startrot nästladdubbeltstartrot nästladstartrot startrot a slutrot nästladslutrot nästladdubbeltslutrot nästlad3slutrot"
    },
    "sqrt_3_brief": {
      "expected": "näste3startrot nästedubbeltstartrot nästestartrot startrot a slutrot nästeslutrot nästedubbeltslutrot näste3slutrot"
    },
    "sqrt_3_sbrief": {
      "expected": "näste3rot nästedubbeltrot nästerot rot a slutrot nästeslutrot nästedubbeltslutrot näste3slutrot"
    },
    "roots_0_default": {
      "expected": "rotindex 1 startrot a slutrot"
    },
    "roots_0_brief": {
      "expected": "rotindex 1 startrot a slutrot"
    },
    "roots_0_sbrief": {
      "expected": "index 1 rot a slutrot"
    },
    "roots_1_default": {
      "expected": "rotindex 2 startrot a slutrot"
    },
    "roots_1_brief": {
      "expected": "rotindex 2 startrot a slutrot"
    },
    "roots_1_sbrief": {
      "expected": "index 2 rot a slutrot"
    },
    "roots_2_default": {
      "expected": "rotindex 3 startrot a slutrot"
    },
    "roots_2_brief": {
      "expected": "rotindex 3 startrot a slutrot"
    },
    "roots_2_sbrief": {
      "expected": "index 3 rot a slutrot"
    },
    "roots_3_default": {
      "expected": "rotindex 4 startrot a slutrot"
    },
    "roots_3_brief": {
      "expected": "rotindex 4 startrot a slutrot"
    },
    "roots_3_sbrief": {
      "expected": "index 4 rot a slutrot"
    },
    "roots_4_default": {
      "expected": "rotindex 5 startrot a slutrot"
    },
    "roots_4_brief": {
      "expected": "rotindex 5 startrot a slutrot"
    },
    "roots_4_sbrief": {
      "expected": "index 5 rot a slutrot"
    },
    "roots_5_default": {
      "expected": "rotindex 6 startrot a slutrot"
    },
    "roots_5_brief": {
      "expected": "rotindex 6 startrot a slutrot"
    },
    "roots_5_sbrief": {
      "expected": "index 6 rot a slutrot"
    },
    "roots_6_default": {
      "expected": "rotindex 7 startrot a slutrot"
    },
    "roots_6_brief": {
      "expected": "rotindex 7 startrot a slutrot"
    },
    "roots_6_sbrief": {
      "expected": "index 7 rot a slutrot"
    },
    "roots_7_default": {
      "expected": "rotindex 8 startrot a slutrot"
    },
    "roots_7_brief": {
      "expected": "rotindex 8 startrot a slutrot"
    },
    "roots_7_sbrief": {
      "expected": "index 8 rot a slutrot"
    },
    "roots_8_default": {
      "expected": "rotindex 9 startrot a slutrot"
    },
    "roots_8_brief": {
      "expected": "rotindex 9 startrot a slutrot"
    },
    "roots_8_sbrief": {
      "expected": "index 9 rot a slutrot"
    },
    "roots_9_default": {
      "expected": "rotindex 10 startrot a slutrot"
    },
    "roots_9_brief": {
      "expected": "rotindex 10 startrot a slutrot"
    },
    "roots_9_sbrief": {
      "expected": "index 10 rot a slutrot"
    },
    "roots_10_default": {
      "expected": "rotindex 11 startrot a slutrot"
    },
    "roots_10_brief": {
      "expected": "rotindex 11 startrot a slutrot"
    },
    "roots_10_sbrief": {
      "expected": "index 11 rot a slutrot"
    },
    "nested-roots_0_default": {
      "expected": "nästladrotindex 1 nästladstartrot rotindex 1 startrot a slutrot nästladslutrot"
    },
    "nested-roots_0_brief": {
      "expected": "nästerotindex 1 nästestartrot rotindex 1 startrot a slutrot nästeslutrot"
    },
    "nested-roots_0_sbrief": {
      "expected": "nästeindex 1 nästerot index 1 rot a slutrot nästeslutrot"
    },
    "nested-roots_1_default": {
      "expected": "nästladrotindex 2 nästladstartrot rotindex 2 startrot a slutrot nästladslutrot"
    },
    "nested-roots_1_brief": {
      "expected": "nästerotindex 2 nästestartrot rotindex 2 startrot a slutrot nästeslutrot"
    },
    "nested-roots_1_sbrief": {
      "expected": "nästeindex 2 nästerot index 2 rot a slutrot nästeslutrot"
    },
    "nested-roots_2_default": {
      "expected": "nästladrotindex 3 nästladstartrot rotindex 3 startrot a slutrot nästladslutrot"
    },
    "nested-roots_2_brief": {
      "expected": "nästerotindex 3 nästestartrot rotindex 3 startrot a slutrot nästeslutrot"
    },
    "nested-roots_2_sbrief": {
      "expected": "nästeindex 3 nästerot index 3 rot a slutrot nästeslutrot"
    },
    "nested-roots_3_default": {
      "expected": "nästladrotindex 4 nästladstartrot rotindex 4 startrot a slutrot nästladslutrot"
    },
    "nested-roots_3_brief": {
      "expected": "nästerotindex 4 nästestartrot rotindex 4 startrot a slutrot nästeslutrot"
    },
    "nested-roots_3_sbrief": {
      "expected": "nästeindex 4 nästerot index 4 rot a slutrot nästeslutrot"
    },
    "nested-roots_4_default": {
      "expected": "nästladrotindex 5 nästladstartrot rotindex 5 startrot a slutrot nästladslutrot"
    },
    "nested-roots_4_brief": {
      "expected": "nästerotindex 5 nästestartrot rotindex 5 startrot a slutrot nästeslutrot"
    },
    "nested-roots_4_sbrief": {
      "expected": "nästeindex 5 nästerot index 5 rot a slutrot nästeslutrot"
    },
    "nested-roots_5_default": {
      "expected": "nästladrotindex 6 nästladstartrot rotindex 6 startrot a slutrot nästladslutrot"
    },
    "nested-roots_5_brief": {
      "expected": "nästerotindex 6 nästestartrot rotindex 6 startrot a slutrot nästeslutrot"
    },
    "nested-roots_5_sbrief": {
      "expected": "nästeindex 6 nästerot index 6 rot a slutrot nästeslutrot"
    },
    "nested-roots_6_default": {
      "expected": "nästladrotindex 7 nästladstartrot rotindex 7 startrot a slutrot nästladslutrot"
    },
    "nested-roots_6_brief": {
      "expected": "nästerotindex 7 nästestartrot rotindex 7 startrot a slutrot nästeslutrot"
    },
    "nested-roots_6_sbrief": {
      "expected": "nästeindex 7 nästerot index 7 rot a slutrot nästeslutrot"
    },
    "nested-roots_7_default": {
      "expected": "nästladrotindex 8 nästladstartrot rotindex 8 startrot a slutrot nästladslutrot"
    },
    "nested-roots_7_brief": {
      "expected": "nästerotindex 8 nästestartrot rotindex 8 startrot a slutrot nästeslutrot"
    },
    "nested-roots_7_sbrief": {
      "expected": "nästeindex 8 nästerot index 8 rot a slutrot nästeslutrot"
    },
    "nested-roots_8_default": {
      "expected": "nästladrotindex 9 nästladstartrot rotindex 9 startrot a slutrot nästladslutrot"
    },
    "nested-roots_8_brief": {
      "expected": "nästerotindex 9 nästestartrot rotindex 9 startrot a slutrot nästeslutrot"
    },
    "nested-roots_8_sbrief": {
      "expected": "nästeindex 9 nästerot index 9 rot a slutrot nästeslutrot"
    },
    "nested-roots_9_default": {
      "expected": "nästladrotindex 10 nästladstartrot rotindex 10 startrot a slutrot nästladslutrot"
    },
    "nested-roots_9_brief": {
      "expected": "nästerotindex 10 nästestartrot rotindex 10 startrot a slutrot nästeslutrot"
    },
    "nested-roots_9_sbrief": {
      "expected": "nästeindex 10 nästerot index 10 rot a slutrot nästeslutrot"
    },
    "nested-roots_10_default": {
      "expected": "nästladrotindex 11 nästladstartrot rotindex 11 startrot a slutrot nästladslutrot"
    },
    "nested-roots_10_brief": {
      "expected": "nästerotindex 11 nästestartrot rotindex 11 startrot a slutrot nästeslutrot"
    },
    "nested-roots_10_sbrief": {
      "expected": "nästeindex 11 nästerot index 11 rot a slutrot nästeslutrot"
    },
    "hybrided-nested-roots_0_default": {
      "expected": "nästladrotindex 1 nästladstartrot rotindex 3 startrot a slutrot nästladslutrot"
    },
    "hybrided-nested-roots_0_brief": {
      "expected": "nästerotindex 1 nästestartrot rotindex 3 startrot a slutrot nästeslutrot"
    },
    "hybrided-nested-roots_0_sbrief": {
      "expected": "nästeindex 1 nästerot index 3 rot a slutrot nästeslutrot"
    },
    "hybrided-nested-roots_1_default": {
      "expected": "nästladrotindex 2 nästladstartrot rotindex 3 startrot a slutrot nästladslutrot"
    },
    "hybrided-nested-roots_1_brief": {
      "expected": "nästerotindex 2 nästestartrot rotindex 3 startrot a slutrot nästeslutrot"
    },
    "hybrided-nested-roots_1_sbrief": {
      "expected": "nästeindex 2 nästerot index 3 rot a slutrot nästeslutrot"
    },
    "hybrided-nested-roots_2_default": {
      "expected": "nästladrotindex 3 nästladstartrot rotindex 3 startrot a slutrot nästladslutrot"
    },
    "hybrided-nested-roots_2_brief": {
      "expected": "nästerotindex 3 nästestartrot rotindex 3 startrot a slutrot nästeslutrot"
    },
    "hybrided-nested-roots_2_sbrief": {
      "expected": "nästeindex 3 nästerot index 3 rot a slutrot nästeslutrot"
    },
    "hybrided-nested-roots_3_default": {
      "expected": "nästladrotindex 4 nästladstartrot rotindex 3 startrot a slutrot nästladslutrot"
    },
    "hybrided-nested-roots_3_brief": {
      "expected": "nästerotindex 4 nästestartrot rotindex 3 startrot a slutrot nästeslutrot"
    },
    "hybrided-nested-roots_3_sbrief": {
      "expected": "nästeindex 4 nästerot index 3 rot a slutrot nästeslutrot"
    },
    "hybrided-nested-roots_4_default": {
      "expected": "nästladrotindex 5 nästladstartrot rotindex 3 startrot a slutrot nästladslutrot"
    },
    "hybrided-nested-roots_4_brief": {
      "expected": "nästerotindex 5 nästestartrot rotindex 3 startrot a slutrot nästeslutrot"
    },
    "hybrided-nested-roots_4_sbrief": {
      "expected": "nästeindex 5 nästerot index 3 rot a slutrot nästeslutrot"
    },
    "hybrided-nested-roots_5_default": {
      "expected": "nästladrotindex 6 nästladstartrot rotindex 3 startrot a slutrot nästladslutrot"
    },
    "hybrided-nested-roots_5_brief": {
      "expected": "nästerotindex 6 nästestartrot rotindex 3 startrot a slutrot nästeslutrot"
    },
    "hybrided-nested-roots_5_sbrief": {
      "expected": "nästeindex 6 nästerot index 3 rot a slutrot nästeslutrot"
    },
    "hybrided-nested-roots_6_default": {
      "expected": "nästladrotindex 7 nästladstartrot rotindex 3 startrot a slutrot nästladslutrot"
    },
    "hybrided-nested-roots_6_brief": {
      "expected": "nästerotindex 7 nästestartrot rotindex 3 startrot a slutrot nästeslutrot"
    },
    "hybrided-nested-roots_6_sbrief": {
      "expected": "nästeindex 7 nästerot index 3 rot a slutrot nästeslutrot"
    },
    "hybrided-nested-roots_7_default": {
      "expected": "nästladrotindex 8 nästladstartrot rotindex 3 startrot a slutrot nästladslutrot"
    },
    "hybrided-nested-roots_7_brief": {
      "expected": "nästerotindex 8 nästestartrot rotindex 3 startrot a slutrot nästeslutrot"
    },
    "hybrided-nested-roots_7_sbrief": {
      "expected": "nästeindex 8 nästerot index 3 rot a slutrot nästeslutrot"
    },
    "hybrided-nested-roots_8_default": {
      "expected": "nästladrotindex 9 nästladstartrot rotindex 3 startrot a slutrot nästladslutrot"
    },
    "hybrided-nested-roots_8_brief": {
      "expected": "nästerotindex 9 nästestartrot rotindex 3 startrot a slutrot nästeslutrot"
    },
    "hybrided-nested-roots_8_sbrief": {
      "expected": "nästeindex 9 nästerot index 3 rot a slutrot nästeslutrot"
    },
    "hybrided-nested-roots_9_default": {
      "expected": "nästladrotindex 10 nästladstartrot rotindex 3 startrot a slutrot nästladslutrot"
    },
    "hybrided-nested-roots_9_brief": {
      "expected": "nästerotindex 10 nästestartrot rotindex 3 startrot a slutrot nästeslutrot"
    },
    "hybrided-nested-roots_9_sbrief": {
      "expected": "nästeindex 10 nästerot index 3 rot a slutrot nästeslutrot"
    },
    "hybrided-nested-roots_10_default": {
      "expected": "nästladrotindex 11 nästladstartrot rotindex 3 startrot a slutrot nästladslutrot"
    },
    "hybrided-nested-roots_10_brief": {
      "expected": "nästerotindex 11 nästestartrot rotindex 3 startrot a slutrot nästeslutrot"
    },
    "hybrided-nested-roots_10_sbrief": {
      "expected": "nästeindex 11 nästerot index 3 rot a slutrot nästeslutrot"
    },
    "deep-nested-roots_0_default": {
      "expected": "nästlad3rotindex 2 nästlad3startrot nästladdubbeltrotindex 3 nästladdubbeltstartrot nästladrotindex 4 nästladstartrot rotindex 5 startrot a slutrot nästladslutrot nästladdubbeltslutrot nästlad3slutrot"
    },
    "deep-nested-roots_0_brief": {
      "expected": "näste3rotindex 2 näste3startrot nästedubbeltrotindex 3 nästedubbeltstartrot nästerotindex 4 nästestartrot rotindex 5 startrot a slutrot nästeslutrot nästedubbeltslutrot näste3slutrot"
    },
    "deep-nested-roots_0_sbrief": {
      "expected": "näste3index 2 näste3rot nästedubbeltindex 3 nästedubbeltrot nästeindex 4 nästerot index 5 rot a slutrot nästeslutrot nästedubbeltslutrot näste3slutrot"
    },
    "deep-nested-roots_1_default": {
      "expected": "nästlad3rotindex 2 nästlad3startrot nästladdubbeltrotindex 3 nästladdubbeltstartrot nästladrotindex 2 nästladstartrot rotindex 3 startrot a slutrot nästladslutrot nästladdubbeltslutrot nästlad3slutrot"
    },
    "deep-nested-roots_1_brief": {
      "expected": "näste3rotindex 2 näste3startrot nästedubbeltrotindex 3 nästedubbeltstartrot nästerotindex 2 nästestartrot rotindex 3 startrot a slutrot nästeslutrot nästedubbeltslutrot näste3slutrot"
    },
    "deep-nested-roots_1_sbrief": {
      "expected": "näste3index 2 näste3rot nästedubbeltindex 3 nästedubbeltrot nästeindex 2 nästerot index 3 rot a slutrot nästeslutrot nästedubbeltslutrot näste3slutrot"
    },
    "deep-nested-roots_2_default": {
      "expected": "nästlad4rotindex 2 nästlad4startrot nästlad3rotindex 3 nästlad3startrot nästladdubbeltstartrot nästladrotindex 3 nästladstartrot startrot a slutrot nästladslutrot nästladdubbeltslutrot nästlad3slutrot nästlad4slutrot"
    },
    "deep-nested-roots_2_brief": {
      "expected": "näste4rotindex 2 näste4startrot näste3rotindex 3 näste3startrot nästedubbeltstartrot nästerotindex 3 nästestartrot startrot a slutrot nästeslutrot nästedubbeltslutrot näste3slutrot näste4slutrot"
    },
    "deep-nested-roots_2_sbrief": {
      "expected": "näste4index 2 näste4rot näste3index 3 näste3rot nästedubbeltrot nästeindex 3 nästerot rot a slutrot nästeslutrot nästedubbeltslutrot näste3slutrot näste4slutrot"
    }
  }
}
