{
  "factory": "semanticExploration",
  "information": "Semantic exploration fences tests.",
  "base": "input/semantic/fences.json",
  "tests": {
    "RegularFences_0": {
      "expected": [
        3,
        0,
        1,
        2
      ]
    },
    "RegularFences_1": {
      "expected": [
        3,
        0,
        2,
        1
      ]
    },
    "RegularFences_2": {
      "expected": [
        6,
        0,
        [
          5,
          1,
          2,
          3
        ],
        4
      ]
    },
    "RegularFences_3": {
      "expected": [
        11,
        0,
        1,
        [
          10,
          2,
          [
            9,
            3,
            4,
            5
          ],
          6
        ],
        7,
        8
      ]
    },
    "RegularFences_4": {
      "expected": [
        15,
        [
          11,
          0,
          [
            10,
            1,
            2,
            3
          ],
          4
        ],
        14,
        [
          13,
          5,
          [
            12,
            6,
            7,
            8
          ],
          9
        ]
      ]
    },
    "RegularFences_5": {
      "expected": [
        18,
        0,
        [
          17,
          [
            13,
            1,
            [
              12,
              2,
              3,
              4
            ],
            5
          ],
          16,
          [
            15,
            6,
            [
              14,
              7,
              8,
              9
            ],
            10
          ]
        ],
        11
      ]
    },
    "RegularFences_6": {
      "expected": [
        14,
        0,
        [
          13,
          [
            12,
            1,
            [
              11,
              2,
              3,
              4,
              5,
              6
            ],
            7
          ],
          8,
          9
        ],
        10
      ]
    },
    "RegularFences_7": {
      "expected": [
        35,
        [
          28,
          0,
          [
            27,
            [
              12,
              1,
              [
                11,
                2,
                10,
                [
                  9,
                  3,
                  [
                    8,
                    4,
                    5,
                    6
                  ],
                  7
                ]
              ]
            ],
            13,
            14
          ],
          15
        ],
        16,
        [
          34,
          17,
          [
            33,
            [
              32,
              18,
              31,
              19
            ],
            20,
            [
              30,
              21,
              [
                29,
                22,
                23,
                24
              ],
              25
            ]
          ],
          26
        ]
      ]
    },
    "NeutralFences_0": {
      "expected": [
        3,
        0,
        2,
        1
      ]
    },
    "NeutralFences_1": {
      "expected": [
        3,
        0,
        1,
        2
      ]
    },
    "NeutralFences_2": {
      "expected": [
        12,
        [
          11,
          [
            8,
            0,
            1,
            2
          ],
          10,
          3
        ],
        4,
        [
          9,
          5,
          6,
          7
        ]
      ]
    },
    "NeutralFences_3": {
      "expected": [
        12,
        0,
        [
          11,
          [
            10,
            [
              8,
              1,
              2,
              3
            ],
            9,
            4
          ],
          5,
          6
        ],
        7
      ]
    },
    "MixedFences_0": {
      "expected": [
        6,
        0,
        [
          5,
          1,
          4,
          2
        ],
        3
      ]
    },
    "MixedFences_1": {
      "expected": [
        16,
        0,
        [
          15,
          [
            10,
            1,
            2,
            3
          ],
          12,
          4,
          13,
          [
            11,
            5,
            6,
            7
          ],
          14,
          8
        ],
        9
      ]
    },
    "MixedFences_2": {
      "expected": [
        17,
        0,
        [
          16,
          [
            12,
            1,
            [
              11,
              2,
              3,
              4
            ],
            5
          ],
          14,
          [
            13,
            6,
            7,
            8
          ],
          15,
          9
        ],
        10
      ]
    },
    "MixedFences_3": {
      "expected": [
        27,
        [
          22,
          0,
          [
            21,
            [
              20,
              1,
              [
                19,
                2,
                3,
                4
              ],
              5
            ],
            6,
            7
          ],
          8
        ],
        9,
        [
          26,
          10,
          [
            25,
            11,
            12,
            [
              24,
              13,
              [
                23,
                14,
                15,
                16
              ],
              17
            ]
          ],
          18
        ]
      ]
    },
    "MixedFencesWithBars_0": {
      "expected": [
        20,
        0,
        [
          19,
          [
            15,
            1,
            [
              14,
              2,
              3,
              4,
              5,
              6
            ],
            7
          ],
          8,
          [
            18,
            [
              17,
              9,
              16,
              10
            ],
            11,
            12
          ]
        ],
        13
      ]
    },
    "MixedFencesWithBars_1": {
      "expected": [
        15,
        [
          12,
          0,
          [
            11,
            1,
            2,
            3
          ],
          4
        ],
        5,
        [
          14,
          6,
          [
            13,
            7,
            8,
            9
          ],
          10
        ]
      ]
    },
    "MixedFencesWithBars_2": {
      "expected": [
        18,
        0,
        [
          17,
          [
            14,
            1,
            [
              13,
              2,
              3,
              4
            ],
            5
          ],
          6,
          [
            16,
            7,
            [
              15,
              8,
              9,
              10
            ],
            11
          ]
        ],
        12
      ]
    },
    "MixedFencesWithBars_3": {
      "expected": [
        35,
        [
          34,
          [
            32,
            0,
            [
              31,
              [
                26,
                1,
                [
                  25,
                  2,
                  3,
                  4
                ],
                5
              ],
              6,
              [
                28,
                7,
                [
                  27,
                  8,
                  9,
                  10,
                  11
                ],
                12
              ]
            ],
            13
          ],
          33,
          [
            30,
            14,
            [
              29,
              15,
              16,
              17
            ],
            18
          ]
        ],
        19,
        20,
        21,
        22,
        23,
        24
      ]
    },
    "OpeningFencesOnly_0": {
      "expected": 0
    },
    "OpeningFencesOnly_1": {
      "expected": [
        2,
        0,
        1
      ]
    },
    "OpeningFencesOnly_2": {
      "expected": [
        3,
        0,
        1,
        2
      ]
    },
    "OpeningFencesOnly_3": {
      "expected": [
        2,
        0,
        1
      ]
    },
    "OpeningFencesOnly_4": {
      "expected": [
        12,
        0,
        1,
        [
          11,
          2,
          10,
          3
        ],
        4,
        5,
        6,
        7,
        8,
        9
      ]
    },
    "OpeningFencesOnly_5": {
      "expected": [
        16,
        0,
        1,
        2,
        3,
        4,
        [
          15,
          [
            13,
            5,
            6,
            7
          ],
          14,
          8
        ],
        9,
        10,
        11,
        12
      ]
    },
    "ClosingFencesOnly_0": {
      "expected": 0
    },
    "ClosingFencesOnly_1": {
      "expected": [
        2,
        0,
        1
      ]
    },
    "ClosingFencesOnly_2": {
      "expected": [
        3,
        0,
        1,
        2
      ]
    },
    "ClosingFencesOnly_3": {
      "expected": [
        2,
        0,
        1
      ]
    },
    "ClosingFencesOnly_4": {
      "expected": [
        12,
        0,
        1,
        [
          11,
          2,
          10,
          3
        ],
        4,
        5,
        6,
        7,
        8,
        9
      ]
    },
    "ClosingFencesOnly_5": {
      "expected": [
        14,
        0,
        1,
        2,
        3,
        [
          13,
          4,
          5,
          6
        ],
        7,
        8,
        9,
        10,
        11,
        12
      ]
    },
    "NeutralFencesOnly_0": {
      "expected": 0
    },
    "NeutralFencesOnly_1": {
      "expected": [
        2,
        0,
        1
      ]
    },
    "NeutralFencesOnly_2": {
      "expected": [
        3,
        0,
        1,
        2
      ]
    },
    "NeutralFencesOnly_3": {
      "expected": [
        2,
        0,
        1
      ]
    },
    "NeutralFencesOnly_4": {
      "expected": [
        5,
        0,
        1,
        2,
        3,
        4
      ]
    },
    "NeutralFencesOnly_5": {
      "expected": [
        7,
        0,
        1,
        2,
        3,
        4,
        5,
        6
      ]
    },
    "NeutralFencesOnly_6": {
      "expected": [
        16,
        [
          15,
          0,
          [
            14,
            1,
            [
              13,
              2,
              3,
              4
            ],
            5
          ],
          6
        ],
        7,
        8,
        9,
        10,
        11,
        12
      ]
    },
    "MixedUnmatchedFences_0": {
      "expected": [
        6,
        0,
        1,
        2,
        3,
        4,
        5
      ]
    },
    "MixedUnmatchedFences_1": {
      "expected": [
        9,
        0,
        1,
        2,
        3,
        4,
        5,
        6,
        7,
        8
      ]
    },
    "MixedUnmatchedFences_2": {
      "expected": [
        8,
        0,
        1,
        2,
        3,
        4,
        5,
        6,
        7
      ]
    },
    "MixedUnmatchedFences_3": {
      "expected": [
        27,
        [
          26,
          0,
          [
            25,
            [
              22,
              1,
              [
                21,
                2,
                3,
                4
              ],
              5
            ],
            6,
            [
              24,
              7,
              [
                23,
                8,
                9,
                10,
                11
              ],
              12
            ]
          ],
          13
        ],
        14,
        15,
        16,
        17,
        18,
        19,
        20
      ]
    },
    "MixedUnmatchedFences_4": {
      "expected": [
        24,
        [
          21,
          0,
          [
            20,
            1,
            2
          ],
          3
        ],
        4,
        [
          23,
          5,
          [
            22,
            [
              19,
              6,
              [
                18,
                7,
                8,
                9
              ],
              10
            ],
            11
          ],
          12
        ],
        13,
        14,
        15,
        16,
        17
      ]
    },
    "MixedUnmatchedFences_5": {
      "expected": [
        30,
        0,
        1,
        2,
        3,
        4,
        5,
        [
          27,
          [
            26,
            6,
            [
              25,
              7,
              [
                24,
                8,
                9,
                10
              ],
              11
            ]
          ],
          12
        ],
        13,
        14,
        [
          28,
          15,
          16,
          17
        ],
        18,
        19,
        20,
        21,
        [
          29,
          22,
          23
        ]
      ]
    },
    "EmbellishedRightFence_0": {
      "expected": [
        4,
        [
          5,
          0,
          1,
          2
        ],
        3
      ]
    },
    "EmbellishedRightFence_1": {
      "expected": [
        13,
        [
          4,
          [
            11,
            0,
            1,
            2
          ],
          3
        ],
        5,
        [
          10,
          [
            12,
            6,
            7,
            8
          ],
          9
        ]
      ]
    },
    "EmbellishedRightFence_2": {
      "expected": [
        6,
        [
          4,
          [
            7,
            0,
            1,
            2
          ],
          3
        ],
        5
      ]
    },
    "EmbellishedRightFence_3": {
      "expected": [
        6,
        [
          7,
          0,
          1,
          2
        ],
        3,
        4
      ]
    },
    "EmbellishedRightFence_4": {
      "expected": [
        6,
        [
          7,
          0,
          1,
          2
        ],
        3,
        4
      ]
    },
    "EmbellishedRightFence_5": {
      "expected": [
        10,
        [
          6,
          [
            11,
            0,
            1,
            [
              8,
              [
                4,
                2,
                3
              ],
              7
            ]
          ],
          5
        ],
        9
      ]
    },
    "EmbellishedRightFence_6": {
      "expected": [
        10,
        [
          6,
          [
            11,
            0,
            1,
            [
              8,
              [
                4,
                2,
                3
              ],
              7
            ]
          ],
          5
        ],
        9
      ]
    },
    "EmbellishedLeftFence_0": {
      "expected": [
        5,
        [
          2,
          0,
          1
        ],
        3,
        4
      ]
    },
    "EmbellishedLeftFence_1": {
      "expected": [
        5,
        [
          2,
          0,
          1
        ],
        3,
        4
      ]
    },
    "EmbellishedLeftFence_2": {
      "expected": [
        5,
        [
          8,
          0,
          6,
          7
        ],
        1,
        2,
        3,
        4
      ]
    },
    "EmbellishedLeftFence_3": {
      "expected": [
        5,
        [
          8,
          0,
          6,
          7
        ],
        1,
        2,
        3,
        4
      ]
    },
    "EmbellishedLeftFence_4": {
      "expected": [
        8,
        [
          5,
          0,
          1,
          2,
          3,
          4
        ],
        6,
        7
      ]
    },
    "EmbellishedLeftFence_5": {
      "expected": [
        7,
        [
          10,
          [
            2,
            0,
            1
          ],
          8,
          9
        ],
        3,
        4,
        5,
        6
      ]
    },
    "EmbellishedLeftFence_6": {
      "expected": [
        14,
        [
          7,
          [
            17,
            [
              9,
              [
                2,
                0,
                1
              ],
              8
            ],
            15,
            16
          ],
          3,
          4,
          5,
          6
        ],
        10,
        11,
        12,
        13
      ]
    },
    "EmbellishedBothFences_0": {
      "expected": [
        9,
        [
          5,
          [
            10,
            0,
            6,
            7
          ],
          1,
          2,
          3,
          4
        ],
        8
      ]
    },
    "EmbellishedBothFences_1": {
      "expected": [
        11,
        [
          5,
          [
            12,
            0,
            6,
            7
          ],
          1,
          2,
          3,
          4
        ],
        8,
        9
      ]
    },
    "EmbellishedBothFences_2": {
      "expected": [
        13,
        [
          5,
          [
            16,
            [
              7,
              0,
              6
            ],
            8,
            [
              15,
              9,
              14
            ]
          ],
          1,
          2,
          3,
          4
        ],
        10,
        11
      ]
    },
    "EmbellishedPaddedFences_0": {
      "expected": [
        10,
        [
          6,
          [
            11,
            0,
            1,
            [
              8,
              [
                4,
                2,
                3
              ],
              7
            ]
          ],
          5
        ],
        9
      ]
    },
    "EmbellishedPaddedFences_1": {
      "expected": [
        14,
        [
          7,
          [
            17,
            [
              9,
              [
                2,
                0,
                1
              ],
              8
            ],
            15,
            16
          ],
          3,
          4,
          5,
          6
        ],
        10,
        11,
        12,
        13
      ]
    },
    "EmbellishedPaddedFences_2": {
      "expected": [
        13,
        [
          5,
          [
            16,
            [
              7,
              0,
              6
            ],
            8,
            [
              15,
              9,
              14
            ]
          ],
          1,
          2,
          3,
          4
        ],
        10,
        11
      ]
    },
    "EmbellRightSubexpr_0": {
      "expected": [
        8,
        [
          4,
          [
            7,
            0,
            1,
            2
          ],
          3
        ],
        5,
        6
      ]
    },
    "EmbellRightSubexpr_1": {
      "expected": [
        10,
        0,
        1,
        [
          6,
          [
            9,
            2,
            3,
            4
          ],
          5
        ],
        7,
        8
      ]
    },
    "EmbellRightSubexpr_2": {
      "expected": [
        10,
        [
          9,
          0,
          [
            5,
            [
              8,
              1,
              2,
              3
            ],
            4
          ]
        ],
        6,
        7
      ]
    },
    "EmbellLeftSubexpr_0": {
      "expected": [
        11,
        [
          5,
          [
            10,
            0,
            6,
            7
          ],
          1,
          2,
          3,
          4
        ],
        8,
        9
      ]
    },
    "EmbellLeftSubexpr_1": {
      "expected": [
        13,
        [
          12,
          0,
          [
            6,
            [
              11,
              1,
              7,
              8
            ],
            2,
            3,
            4,
            5
          ]
        ],
        9,
        10
      ]
    },
    "EmbellLeftSubexpr_2": {
      "expected": [
        13,
        0,
        1,
        [
          7,
          [
            12,
            2,
            8,
            9
          ],
          3,
          4,
          5,
          6
        ],
        10,
        11
      ]
    },
    "EmbellBothSubexpr_0": {
      "expected": [
        15,
        [
          11,
          [
            5,
            [
              14,
              0,
              6,
              7
            ],
            1,
            2,
            3,
            4
          ],
          8,
          9
        ],
        12,
        13
      ]
    },
    "EmbellBothSubexpr_1": {
      "expected": [
        17,
        [
          16,
          0,
          [
            12,
            [
              6,
              [
                15,
                1,
                7,
                8
              ],
              2,
              3,
              4,
              5
            ],
            9,
            10
          ]
        ],
        13,
        14
      ]
    },
    "EmbellBothSubexpr_2": {
      "expected": [
        18,
        [
          17,
          0,
          1,
          [
            13,
            [
              7,
              [
                16,
                2,
                8,
                9
              ],
              3,
              4,
              5,
              6
            ],
            10,
            11
          ]
        ],
        14,
        15
      ]
    },
    "ComplexEmbellRight_0": {
      "expected": [
        6,
        [
          8,
          0,
          [
            7,
            1,
            2,
            3
          ],
          4
        ],
        5
      ]
    },
    "ComplexEmbellRight_1": {
      "expected": [
        6,
        [
          8,
          0,
          [
            7,
            1,
            2,
            3
          ],
          4
        ],
        5
      ]
    },
    "EmbellishedNeutralFences_0": {
      "expected": [
        4,
        [
          5,
          0,
          1,
          2
        ],
        3
      ]
    },
    "EmbellishedNeutralFences_1": {
      "expected": [
        13,
        [
          4,
          [
            11,
            0,
            1,
            2
          ],
          3
        ],
        5,
        [
          10,
          [
            12,
            6,
            7,
            8
          ],
          9
        ]
      ]
    },
    "EmbellishedNeutralFences_2": {
      "expected": [
        6,
        [
          4,
          [
            7,
            0,
            1,
            2
          ],
          3
        ],
        5
      ]
    },
    "EmbellishedNeutralFences_3": {
      "expected": [
        4,
        [
          5,
          0,
          1,
          2
        ],
        3
      ]
    },
    "EmbellishedNeutralFences_4": {
      "expected": [
        5,
        [
          8,
          0,
          6,
          7
        ],
        1,
        2,
        3,
        4
      ]
    },
    "EmbellishedNeutralFences_5": {
      "expected": [
        11,
        [
          5,
          [
            12,
            0,
            6,
            7
          ],
          1,
          2,
          3,
          4
        ],
        8,
        9
      ]
    },
    "EmbellishedNeutralFences_6": {
      "expected": [
        6,
        [
          8,
          0,
          [
            7,
            1,
            2,
            3
          ],
          4
        ],
        5
      ]
    },
    "InelligibleLeft_0": {
      "expected": [
        5,
        [
          2,
          0,
          1
        ],
        3,
        4
      ]
    },
    "InelligibleLeft_1": {
      "expected": [
        5,
        [
          2,
          0,
          1
        ],
        3,
        4
      ]
    },
    "InelligibleLeft_2": {
      "expected": [
        7,
        [
          4,
          0,
          1,
          2
        ],
        5,
        6
      ]
    },
    "InelligibleLeft_3": {
      "expected": [
        7,
        [
          2,
          0,
          1
        ],
        3,
        [
          6,
          4,
          5
        ]
      ]
    },
    "InelligibleLeft_4": {
      "expected": [
        7,
        [
          2,
          0,
          1
        ],
        3,
        [
          6,
          4,
          5
        ]
      ]
    },
    "InelligibleLeft_5": {
      "expected": [
        11,
        [
          4,
          0,
          1,
          2
        ],
        5,
        [
          10,
          6,
          7,
          8
        ]
      ]
    },
    "InelligibleLeft_6": {
      "expected": [
        12,
        [
          5,
          0,
          1,
          2,
          3,
          4
        ],
        6,
        [
          11,
          7,
          8,
          9
        ]
      ]
    },
    "InelligibleLeft_7": {
      "expected": [
        9,
        [
          2,
          0,
          1
        ],
        3,
        [
          8,
          4,
          5,
          6
        ]
      ]
    },
    "InelligibleRight_0": {
      "expected": [
        8,
        0,
        1,
        [
          7,
          2,
          3,
          4,
          5,
          6
        ]
      ]
    },
    "InelligibleRight_1": {
      "expected": [
        8,
        0,
        1,
        [
          7,
          2,
          3,
          4,
          5,
          6
        ]
      ]
    },
    "InelligibleRight_2": {
      "expected": [
        8,
        0,
        1,
        [
          7,
          2,
          3,
          4,
          5,
          6
        ]
      ]
    },
    "InelligibleRightMiddle_0": {
      "expected": [
        22,
        [
          5,
          0,
          1,
          2,
          3,
          4
        ],
        [
          21,
          6,
          20,
          [
            18,
            [
              12,
              [
                19,
                7,
                13,
                14
              ],
              8,
              9,
              10,
              11
            ],
            15,
            16
          ]
        ]
      ]
    },
    "InelligibleRightMiddle_1": {
      "expected": [
        20,
        [
          5,
          0,
          1,
          2,
          3,
          4
        ],
        [
          19,
          6,
          18,
          [
            16,
            [
              12,
              [
                17,
                7,
                13,
                14
              ],
              8,
              9,
              10,
              11
            ],
            15
          ]
        ]
      ]
    },
    "InelligibleLeftMiddle_0": {
      "expected": [
        17,
        [
          16,
          [
            9,
            [
              5,
              [
                14,
                0,
                6,
                7
              ],
              1,
              2,
              3,
              4
            ],
            8
          ],
          15,
          10
        ],
        [
          13,
          11,
          12
        ]
      ]
    },
    "InelligibleLeftMiddle_1": {
      "expected": [
        11,
        [
          2,
          0,
          1
        ],
        3,
        [
          6,
          4,
          5
        ],
        7,
        [
          10,
          8,
          9
        ]
      ]
    },
    "InelligibleLeftMiddle_2": {
      "expected": [
        27,
        [
          5,
          0,
          1,
          2,
          3,
          4
        ],
        6,
        [
          12,
          7,
          8,
          9,
          10,
          11
        ],
        [
          26,
          13,
          25,
          [
            23,
            [
              19,
              [
                24,
                14,
                20,
                21
              ],
              15,
              16,
              17,
              18
            ],
            22
          ]
        ]
      ]
    },
    "InelligibleLeftMiddle_3": {
      "expected": [
        25,
        [
          9,
          [
            5,
            [
              21,
              0,
              6,
              7
            ],
            1,
            2,
            3,
            4
          ],
          8
        ],
        23,
        10,
        24,
        [
          20,
          [
            16,
            [
              22,
              11,
              17,
              18
            ],
            12,
            13,
            14,
            15
          ],
          19
        ]
      ]
    },
    "InelligibleLeftMiddle_4": {
      "expected": [
        25,
        [
          9,
          [
            5,
            [
              21,
              0,
              6,
              7
            ],
            1,
            2,
            3,
            4
          ],
          8
        ],
        23,
        10,
        24,
        [
          20,
          [
            16,
            [
              22,
              11,
              17,
              18
            ],
            12,
            13,
            14,
            15
          ],
          19
        ]
      ]
    },
    "ElligibleLeft_0": {
      "expected": [
        5,
        [
          8,
          0,
          6,
          7
        ],
        1,
        2,
        3,
        4
      ]
    },
    "ElligibleLeft_1": {
      "expected": [
        5,
        [
          8,
          0,
          6,
          7
        ],
        1,
        2,
        3,
        4
      ]
    },
    "ElligibleLeft_2": {
      "expected": [
        5,
        [
          8,
          0,
          6,
          7
        ],
        1,
        2,
        3,
        4
      ]
    },
    "ElligibleRight_0": {
      "expected": [
        6,
        [
          7,
          0,
          1,
          2
        ],
        3,
        4
      ]
    },
    "ElligibleRight_1": {
      "expected": [
        6,
        [
          7,
          0,
          1,
          2
        ],
        3,
        4
      ]
    },
    "ElligibleBoth_0": {
      "expected": [
        11,
        [
          5,
          [
            12,
            0,
            6,
            7
          ],
          1,
          2,
          3,
          4
        ],
        8,
        9
      ]
    },
    "ElligibleBoth_1": {
      "expected": [
        25,
        [
          9,
          [
            5,
            [
              21,
              0,
              6,
              7
            ],
            1,
            2,
            3,
            4
          ],
          8
        ],
        23,
        10,
        24,
        [
          20,
          [
            16,
            [
              22,
              11,
              17,
              18
            ],
            12,
            13,
            14,
            15
          ],
          19
        ]
      ]
    },
    "ElligibleBoth_2": {
      "expected": [
        25,
        [
          9,
          [
            5,
            [
              21,
              0,
              6,
              7
            ],
            1,
            2,
            3,
            4
          ],
          8
        ],
        23,
        10,
        24,
        [
          20,
          [
            16,
            [
              22,
              11,
              17,
              18
            ],
            12,
            13,
            14,
            15
          ],
          19
        ]
      ]
    },
    "issue_616_0": {
      "expected": [
        8,
        [
          7,
          [
            5,
            2,
            3,
            4
          ]
        ]
      ]
    },
    "issue_616_1": {
      "expected": [
        8,
        [
          7,
          [
            5,
            2,
            3,
            4
          ]
        ]
      ]
    },
    "issue_616_2": {
      "expected": [
        65,
        [
          64,
          [
            62,
            2,
            [
              61,
              [
                5,
                3,
                4
              ],
              6,
              7,
              8,
              [
                11,
                9,
                10
              ],
              12,
              [
                17,
                13,
                [
                  16,
                  14,
                  15
                ]
              ],
              18,
              19,
              20,
              [
                25,
                21,
                [
                  24,
                  22,
                  23
                ]
              ],
              26,
              [
                31,
                27,
                28,
                29
              ],
              32,
              33,
              34,
              [
                39,
                35,
                36,
                37
              ],
              40,
              [
                45,
                41,
                42,
                43
              ],
              46,
              [
                51,
                47,
                48,
                49
              ],
              52,
              53,
              54,
              [
                59,
                55,
                56,
                57
              ]
            ],
            60
          ]
        ]
      ]
    },
    "issue_562_0": {
      "expected": [
        8,
        [
          12,
          0,
          [
            11,
            1,
            3,
            5
          ],
          6
        ],
        7
      ]
    },
    "issue_562_1": {
      "expected": [
        8,
        [
          14,
          0,
          [
            13,
            1,
            2,
            3,
            4,
            5
          ],
          6
        ],
        7
      ]
    }
  }
}
