{
  "factory": "semanticXml",
  "tests": "ALL",
  "information": "Semantic xml postfix rewrite tests.",
  "base": "input/semantic/postfix_rewrite.json"
}
