{
  "factory": "deepSpeech",
  "tests": "ALL",
  "information": "Deep speech empheq tests.",
  "base": "input/semantic/empheq.json"
}
