{
  "factory": "deepSpeech",
  "tests": "ALL",
  "base": "input/semantic/juxtaposition.json"
}
