{
  "_comment0_": " This work was sponsored by ETH Zurich",
  "name": "GermanPart3Adornments",
  "locale": "de",
  "base": "input/clearspeak/clearspeak_part3_adornments.json",
  "information": "ClearspeakGermanPart3Adornments rule tests.",
  "active": "ClearspeakGerman",
  "exclude": [],
  "tests": {
    "_comment1_": " Part 3: Adornments",
    "_comment2_": " Prime, Double Prime, and Triple Prime",
    "Prime001": {
      "expected": "A Strich, B Strich"
    },
    "Prime002": {
      "expected": "A zwei Strich, B zwei Strich"
    },
    "Prime003": {
      "expected": "A drei Strich, B drei Strich"
    },
    "Prime004": {
      "expected": "f Strich von x"
    },
    "Prime005": {
      "expected": "f zwei Strich von x"
    },
    "Prime006": {
      "expected": "f drei Strich von x"
    },
    "Prime007": {
      "expected": "1 Fuß"
    },
    "Prime008": {
      "expected": "2 Fuß"
    },
    "Prime009": {
      "expected": "1 Zoll"
    },
    "Prime010": {
      "expected": "2 Zoll"
    },
    "Prime011": {
      "expected": "16 Fuß, 10 Zoll"
    },
    "_comment3_": " TODO: (Simons) Better handling of degrees.",
    "Prime012": {
      "expected": "45 Grad, 10 Minuten"
    },
    "Prime013": {
      "expected": "x Grad, y Minuten"
    },
    "Prime014": {
      "expected": ""
    },
    "Prime015": {
      "expected": ""
    },
    "Prime016": {
      "expected": "1 Minute"
    },
    "Prime017": {
      "expected": "x Minuten"
    },
    "Prime018": {
      "expected": "2 Minuten"
    },
    "Prime019": {
      "expected": "1 Sekunde"
    },
    "Prime020": {
      "expected": "x Sekunden"
    },
    "Prime021": {
      "expected": "2 Sekunden"
    },
    "Prime022": {
      "expected": "16 Minuten, 10 Sekunden"
    },
    "Prime023": {
      "expected": "x Minuten, y Sekunden"
    },
    "Prime024": {
      "expected": "45 Grad, 10 Minuten"
    },
    "Prime025": {
      "expected": "45 Grad, 10 Minuten, 25 Sekunden"
    },
    "Prime026": {
      "expected": "A Strich, B Strich"
    },
    "Prime027": {
      "expected": "A zwei Strich, B zwei Strich"
    },
    "Prime028": {
      "expected": "A drei Strich, B drei Strich"
    },
    "Prime029": {
      "expected": "f Strich von x"
    },
    "Prime030": {
      "expected": "f zwei Strich von x"
    },
    "Prime031": {
      "expected": "f drei Strich von x"
    },
    "Prime032": {
      "expected": "1 Fuß"
    },
    "Prime033": {
      "expected": "x Fuß"
    },
    "Prime034": {
      "expected": "2 Fuß"
    },
    "Prime035": {
      "expected": "1 Zoll"
    },
    "Prime036": {
      "expected": "x Zoll"
    },
    "Prime037": {
      "expected": "2 Zoll"
    },
    "_comment4_": " TODO: (Simons) Rewrite prime etc into superscript.",
    "Prime038": {
      "expected": ""
    },
    "Prime039": {
      "expected": ""
    },
    "Prime040": {
      "expected": ""
    },
    "Prime041": {
      "expected": ""
    },
    "Prime042": {
      "expected": "A Strich, B Strich"
    },
    "Prime043": {
      "expected": "A zwei Strich, B zwei Strich"
    },
    "Prime044": {
      "expected": "A drei Strich, B drei Strich"
    },
    "Prime045": {
      "expected": "f Strich von x"
    },
    "Prime046": {
      "expected": "f zwei Strich von x"
    },
    "Prime047": {
      "expected": "f drei Strich von x"
    },
    "_comment5_": " Combinations and Permutations",
    "_comment6_": " These 8 tests come out of the clearspeak documents from MathType.  The MathML",
    "_comment7_": " has a redundant use of subscripts leaving the actual correct placing of the",
    "_comment8_": " right index in the multiscript empty.",
    "_comment9_": " TODO: (Simons) Have a cleanup heuristic to combine multiscripts with",
    "_comment10_": "                sub/superscripts.",
    "CombPerm001": {
      "expected": ""
    },
    "CombPerm002": {
      "expected": ""
    },
    "CombPerm003": {
      "expected": ""
    },
    "CombPerm004": {
      "expected": ""
    },
    "CombPerm005": {
      "expected": ""
    },
    "CombPerm006": {
      "expected": ""
    },
    "CombPerm007": {
      "expected": ""
    },
    "CombPerm008": {
      "expected": ""
    },
    "_comment11_": " Cleaned up tests with the correct usage of multiscript elements.",
    "CombPerm001a": {
      "expected": "n C r"
    },
    "CombPerm002a": {
      "expected": "n P r"
    },
    "CombPerm003a": {
      "expected": "10 C 3"
    },
    "CombPerm004a": {
      "expected": "10 P 3"
    },
    "CombPerm005a": {
      "expected": "r aus n"
    },
    "CombPerm006a": {
      "expected": "r Permutionen von n"
    },
    "CombPerm007a": {
      "expected": "3 aus 10"
    },
    "CombPerm008a": {
      "expected": "3 Permutionen von 10"
    },
    "_comment12_": " Bar",
    "Bar001": {
      "expected": "f Überstrich"
    },
    "Bar002": {
      "expected": "f Überstrich von x"
    },
    "Bar003": {
      "expected": "f Index 1, Überstrich"
    },
    "Bar004": {
      "expected": "f Index 1, Überstrich von x"
    },
    "Bar005": {
      "expected": "z Überstrich"
    },
    "Bar006": {
      "expected": "Dezimalbruch 0 Komma mit Periode 3"
    },
    "Bar007": {
      "expected": "Dezimalbruch 0 Komma mit Periode 1 2"
    },
    "Bar008": {
      "expected": "Dezimalbruch 2 Komma mit Periode 1 3 4"
    },
    "Bar009": {
      "expected": "Dezimalbruch Komma 1 3 mit Periode 4 6 7"
    },
    "Bar010": {
      "expected": "Dezimalbruch 2 5 Komma 1 2 mit Periode 6 3 2"
    },
    "Bar011": {
      "expected": "z, z Überstrich"
    },
    "Bar012": {
      "expected": "die Strecke C D"
    },
    "Bar013": {
      "expected": "die Strecke C Strich D Strich"
    },
    "Bar014": {
      "expected": "die Strecke C zwei Strich D zwei Strich"
    },
    "Bar015": {
      "expected": "die Strecke C drei Strich D drei Strich"
    },
    "Bar016": {
      "expected": "die komplexe Konjugation von z"
    },
    "Bar017": {
      "expected": "z, die komplexe Konjugation von z"
    },
    "Bar018": {
      "expected": "die komplexe Konjugation von 3 minus 2 i, ist gleich 3 plus 2 i"
    },
    "_comment13_": " Added! Test that still decimal period still works.",
    "Bar006a": {
      "expected": "Dezimalbruch 0 Komma mit Periode 3"
    },
    "Bar007a": {
      "expected": "Dezimalbruch 0 Komma mit Periode 1 2"
    },
    "Bar008a": {
      "expected": "Dezimalbruch 2 Komma mit Periode 1 3 4"
    },
    "Bar009a": {
      "expected": "Dezimalbruch Komma 1 3 mit Periode 4 6 7"
    },
    "Bar010a": {
      "expected": "Dezimalbruch 2 5 Komma 1 2 mit Periode 6 3 2"
    },
    "_comment14_": " Equals Sign with Adornments",
    "Equal001": {
      "expected": "ist definiert als"
    },
    "Equal002": {
      "expected": "Klammer auf, f verknüpft mit g, Klammer zu, von x, ist definiert als, f von, g von x"
    },
    "Equal003": {
      "expected": "ist gleich Zeichen mit darüberstehendem Fragezeichen"
    },
    "Equal004": {
      "expected": "x plus 2 ist gleich Zeichen mit darüberstehendem Fragezeichen 4"
    }
  }
}