{
  "name": "AataTest",
  "base": "input/nemeth/aata.json",
  "information": "Tests from the PreTeXt/NFB project on Judson's Aata.",
  "domain": "default",
  "locale": "nemeth",
  "modality": "braille",
  "active": "AataNemeth",
  "actual": true,
  "exclude": [],
  "tests": {
    "_comment0_": " Number: ⠼",
    "AataExpression_1": {
      "expected": "⠗⠀⠸⠇⠀⠎⠷⠍⠕⠙⠀⠝⠾",
      "_comment1_": " ⠗⠸⠇⠎⠷⠍⠕⠙⠝⠾"
    },
    "AataExpression_2": {
      "expected": "⠽⠀⠨⠅⠀⠭⠘⠠⠑⠐⠍⠕⠙⠀⠝",
      "_comment2_": " ⠽⠀⠨⠅⠀⠭⠘⠠⠑⠐⠍⠕⠙⠝"
    },
    "AataExpression_3": {
      "expected": "⠳⠐⠠⠭⠣⠈⠱⠻⠳⠀⠨⠅⠀⠼⠆⠘⠲⠀⠨⠅⠀⠼⠂⠖",
      "_comment3_": " ⠳⠠⠭overTilde⠳⠀⠨⠅⠀⠆⠘⠲⠐⠀⠨⠅⠀16"
    },
    "AataExpression_4": {
      "expected": "⠳⠐⠠⠭⠣⠈⠱⠻⠳⠀⠨⠅⠀⠆⠘⠲⠐⠀⠨⠅⠀⠂⠖",
      "_comment4_": " caligraphic⠠⠎"
    },
    "AataExpression_5": {
      "expected": "⠁⠭⠘⠆⠐⠬⠃⠭⠬⠉⠀⠨⠅⠀⠴"
    },
    "AataExpression_6": {
      "expected": "⠠⠁⠐⠀⠫⠕⠀⠣⠋⠻⠠⠃"
    },
    "AataExpression_7": {
      "expected": "⠛⠷⠭⠾⠀⠨⠅⠀⠣⠒⠜⠭⠻"
    },
    "AataExpression_8": {
      "expected": "⠠⠞⠰⠠⠁⠘⠤⠂⠐⠀⠨⠅⠀⠠⠞⠰⠠⠁⠰⠘⠤⠂"
    },
    "AataExpression_9": {
      "expected": "⠐⠄⡳⠭⠆⠆⠉⠒⠄⠩⠅⠻⠠⠭⠰⠅⠐⠀⠨⠅⠀⠠⠭"
    },
    "AataExpression_10": {
      "expected": "⠋⠷⠏⠌⠟⠾⠀⠨⠅⠀⠹⠏⠬⠂⠌⠏⠤⠆⠼"
    },
    "AataExpression_11": {
      "expected": "⠠⠭⠀⠨⠅⠀⠈⠠⠝⠨⠬⠨⠷⠜⠆⠻⠨⠾"
    },
    "AataExpression_12": {
      "expected": "⠵overbar⠀⠨⠅⠀⠁⠤⠃⠊"
    },
    "AataExpression_13": {
      "expected": "⠈⠠⠵⠦"
    },
    "AataExpression_14": {
      "expected": "⠠⠉⠀⠨⠅⠀⠨⠷⠸⠽⠱⠠⠛⠸⠭⠀⠨⠅⠀⠸⠽for⠸⠭⠈⠑⠈⠠⠵⠆⠘⠅⠐⠨⠾"
    },
    "AataExpression_15": {
      "expected": "⠜⠆⠬⠨⠜⠒⠨⠻⠻"
    },
    "AataExpression_16": {
      "expected": "⠜⠨⠣⠒⠜⠆⠨⠻⠤⠊⠻"
    },
    "AataExpression_17": {
      "expected": "⠈⠠⠗⠘⠒"
    },
    "AataExpression_18": {
      "expected": "⠠⠭overTilde⠰⠷⠂⠾⠐⠀⠨⠅⠀⠠⠭overTilde"
    },
    "AataExpression_19": {
      "expected": "⠠⠛⠴⠀⠨⠅⠀⠨⠷⠠⠁⠱⠷⠠⠁⠠⠃⠾⠈⠑⠠⠛forsome⠃⠨⠾"
    },
    "AataExpression_20": {
      "expected": "⠼300⠯"
    },
    "AataExpression_21": {
      "expected": "⠠⠁⠨⠬⠷⠠⠃⠨⠬⠠⠉⠾⠀⠨⠅⠀⠷⠠⠁⠨⠬⠠⠃⠾⠨⠬⠠⠉"
    },
    "AataExpression_22": {
      "expected": "⠝⠅"
    },
    "AataExpression_23": {
      "expected": "⠒⠬56⠤13⠬⠦⠌⠆"
    },
    "AataExpression_24": {
      "expected": "⠺⠷⠸⠭⠾⠀⠨⠅⠀⠙⠷⠸⠭⠠⠸⠴⠾"
    },
    "AataExpression_25": {
      "expected": "6.00000⠬0.00000⠊"
    },
    "AataExpression_26": {
      "expected": "⠏⠀⠨⠅⠀0.0001"
    },
    "AataExpression_27": {
      "expected": "⠏⠀⠨⠅⠀0.01"
    },
    "AataExpression_28": {
      "expected": "⠏⠀⠨⠅⠀0.995"
    },
    "AataExpression_29": {
      "expected": "⠏⠀⠨⠅⠀0.999"
    },
    "AataExpression_30": {
      "expected": "⠠⠁⠀⠨⠅⠀00⠠⠠⠃⠀⠨⠅⠀01⠠⠄⠠⠠⠵⠀⠨⠅⠀25"
    },
    "AataExpression_31": {
      "expected": "⠷000⠾"
    },
    "AataExpression_32": {
      "expected": "⠼0000"
    },
    "AataExpression_33": {
      "expected": "⠸⠉⠂⠀⠨⠅⠀⠷00000⠾"
    },
    "AataExpression_34": {
      "expected": "⠷00001⠾⠬⠠⠉"
    },
    "AataExpression_35": {
      "expected": "⠷0000101100⠾"
    },
    "AataExpression_36": {
      "expected": "⠷00010⠾⠬⠠⠉"
    },
    "AataExpression_37": {
      "expected": "⠸⠵⠀⠨⠅⠀⠷00011⠾"
    },
    "AataExpression_38": {
      "expected": "⠼001"
    },
    "AataExpression_39": {
      "expected": "⠷00100⠾⠬⠠⠉"
    },
    "AataExpression_40": {
      "expected": "⠷0010000101⠾"
    },
    "AataExpression_41": {
      "expected": "⠷001001⠾"
    },
    "AataExpression_42": {
      "expected": "⠷01000⠾⠷00101⠾⠷11011⠾⠷10110⠾"
    },
    "AataExpression_43": {
      "expected": "⠼0011"
    },
    "AataExpression_44": {
      "expected": "⠷00110⠾⠬⠠⠉"
    },
    "AataExpression_45": {
      "expected": "⠸⠉⠆⠀⠨⠅⠀⠷00111⠾"
    },
    "AataExpression_46": {
      "expected": "⠼010"
    },
    "AataExpression_47": {
      "expected": "⠷01000101⠾"
    },
    "AataExpression_48": {
      "expected": "⠷01000⠾⠬⠠⠉"
    },
    "AataExpression_49": {
      "expected": "⠷00100⠾⠷01001⠾⠷10111⠾⠷11010⠾"
    },
    "AataExpression_50": {
      "expected": "⠸⠭⠀⠨⠅⠀⠷010011⠾⠘⠞"
    },
    "AataExpression_51": {
      "expected": "⠷00111⠾⠷01010⠾⠷10100⠾⠷11001⠾"
    },
    "AataExpression_52": {
      "expected": "⠷011100⠾⠷011011⠾⠷111011⠾⠷100011⠾⠷000000⠾⠷010101⠾⠷110100⠾⠷110011⠾"
    },
    "AataExpression_53": {
      "expected": "⠷11110101⠾⠠⠷01010100⠾"
    },
    "AataExpression_54": {
      "expected": "⠸⠵⠀⠨⠅⠀⠷010111⠾⠘⠞"
    },
    "AataExpression_55": {
      "expected": "⠼011"
    },
    "AataExpression_56": {
      "expected": "⠷0110⠾"
    },
    "AataExpression_57": {
      "expected": "⠷00001⠾⠷01100⠾⠷10010⠾⠷11111⠾"
    },
    "AataExpression_58": {
      "expected": "⠸⠭⠀⠨⠅⠀⠷011001⠾⠘⠞"
    },
    "AataExpression_59": {
      "expected": "⠷011010⠾⠠⠷011100⠾"
    },
    "AataExpression_60": {
      "expected": "⠷0110110⠾⠷0111100⠾⠷1110000⠾⠷1111111⠾⠷1001001⠾⠷1000011⠾⠷0001111⠾⠷0000000⠾"
    },
    "AataExpression_61": {
      "expected": "⠷1001⠾⠠⠷0111⠾"
    },
    "AataExpression_62": {
      "expected": "⠷10000⠾⠷11101⠾⠷00011⠾⠷01110⠾"
    },
    "AataExpression_63": {
      "expected": "⠷00010⠾⠷01111⠾⠷10001⠾⠷11100⠾"
    },
    "AataExpression_64": {
      "expected": "⠠⠁⠀⠨⠅⠀00⠠⠠⠃⠀⠨⠅⠀02⠠⠄⠠⠠⠵⠀⠨⠅⠀25"
    },
    "AataExpression_65": {
      "expected": "⠉⠀⠨⠅⠀⠲598037234"
    },
    "AataExpression_66": {
      "expected": "⠠⠑⠀⠨⠅⠀04"
    },
    "AataExpression_67": {
      "expected": "10⠌⠢⠀⠨⠅⠀⠆"
    },
    "AataExpression_68": {
      "expected": "⠷1254⠾⠘100"
    },
    "AataExpression_69": {
      "expected": "⠼1000"
    },
    "AataExpression_70": {
      "expected": "⠷10000⠾⠬⠠⠉"
    },
    "AataExpression_71": {
      "expected": "⠷10011000⠾"
    },
    "AataExpression_72": {
      "expected": "⠷101⠾"
    },
    "AataExpression_73": {
      "expected": "⠸⠽⠀⠨⠅⠀⠷1010⠾"
    },
    "AataExpression_74": {
      "expected": "⠷10100⠾⠬⠠⠉"
    },
    "AataExpression_75": {
      "expected": "⠸⠭⠀⠨⠅⠀⠷10101⠾"
    },
    "AataExpression_76": {
      "expected": "⠷101011⠾"
    },
    "AataExpression_77": {
      "expected": "⠷1011⠾"
    },
    "AataExpression_78": {
      "expected": "⠷000000⠾⠠⠷010111⠾⠠⠷101101⠾⠠⠷111010⠾"
    },
    "AataExpression_79": {
      "expected": "⠛⠉⠙⠷120⠠102⠾⠀⠨⠅⠀⠖"
    },
    "AataExpression_80": {
      "expected": "⠼108"
    },
    "AataExpression_81": {
      "expected": "⠼110"
    },
    "AataExpression_82": {
      "expected": "⠸⠽⠀⠨⠅⠀⠷1100⠾"
    },
    "AataExpression_83": {
      "expected": "⠷00110⠾⠷01011⠾⠷10101⠾⠷11000⠾"
    },
    "AataExpression_84": {
      "expected": "⠷011010⠾⠷011100⠾⠷110111⠾⠷110000⠾"
    },
    "AataExpression_85": {
      "expected": "⠷000000⠾⠷011100⠾⠷110101⠾⠷110001⠾"
    },
    "AataExpression_86": {
      "expected": "⠸⠭⠀⠨⠅⠀⠷1101⠾"
    },
    "AataExpression_87": {
      "expected": "⠸⠽⠀⠨⠅⠀⠷11010⠾"
    },
    "AataExpression_88": {
      "expected": "⠸⠽⠀⠨⠅⠀⠷110101⠾⠘⠞"
    },
    "AataExpression_89": {
      "expected": "⠸⠉⠲⠀⠨⠅⠀⠷11011⠾"
    },
    "AataExpression_90": {
      "expected": "⠷110110⠾"
    },
    "AataExpression_91": {
      "expected": "⠷111⠾"
    },
    "AataExpression_92": {
      "expected": "⠷011011100110⠾"
    },
    "AataExpression_93": {
      "expected": "⠸⠉⠒⠀⠨⠅⠀⠷11100⠾"
    },
    "AataExpression_94": {
      "expected": "⠼1111"
    },
    "AataExpression_95": {
      "expected": "⠸⠭⠀⠨⠅⠀⠷111110⠾⠘⠞"
    },
    "AataExpression_96": {
      "expected": "⠸⠽⠀⠨⠅⠀⠷111111⠾⠘⠞"
    },
    "AataExpression_97": {
      "expected": "11213525032442"
    },
    "AataExpression_98": {
      "expected": "⠶⠘⠖⠐⠀⠨⠅⠀117649"
    },
    "AataExpression_99": {
      "expected": "⠛⠉⠙⠷24⠠36⠾⠀⠨⠅⠀12"
    },
    "AataExpression_100": {
      "expected": "⠝⠀⠨⠅⠀120979⠠⠠⠑⠀⠨⠅⠀13251⠠⠭⠀⠨⠅⠀142371"
    },
    "AataExpression_101": {
      "expected": "⠷12345⠾⠷678⠾"
    },
    "AataExpression_102": {
      "expected": "⠈⠷⠷1235⠾⠷467⠾⠈⠾⠘⠤⠂"
    },
    "AataExpression_103": {
      "expected": "⠷⠝⠠⠠⠑⠾⠀⠨⠅⠀⠷37986733⠠12371⠾"
    },
    "AataExpression_104": {
      "expected": "⠷12453⠾"
    },
    "AataExpression_105": {
      "expected": "⠷12⠾⠷1253⠾"
    },
    "AataExpression_106": {
      "expected": "⠷12537⠾⠘⠤⠂"
    },
    "AataExpression_107": {
      "expected": "⠷1254⠾⠷13⠾⠷25⠾"
    },
    "AataExpression_108": {
      "expected": "⠼1260"
    },
    "AataExpression_109": {
      "expected": "128⠘⠲⠐⠀⠨⠅⠀268⠠⠼435⠠⠼456"
    },
    "AataExpression_110": {
      "expected": "⠝⠀⠨⠅⠀79403⠠⠠⠙⠀⠨⠅⠀671⠠⠽⠀⠨⠅⠀129381"
    },
    "AataExpression_111": {
      "expected": "⠷1423⠾⠷34⠾⠷56⠾⠷1324⠾"
    },
    "AataExpression_112": {
      "expected": "⠨⠷⠷13⠾⠠⠷13⠾⠷24⠾⠠⠷132⠾⠠⠷134⠾⠠⠷1324⠾⠠⠷1342⠾⠨⠾"
    },
    "AataExpression_113": {
      "expected": "⠷1345⠾⠷234⠾"
    },
    "AataExpression_114": {
      "expected": "⠼14"
    },
    "AataExpression_115": {
      "expected": "⠭⠀⠨⠅⠀142528"
    },
    "AataExpression_116": {
      "expected": "⠷1426⠾⠷142⠾"
    },
    "AataExpression_117": {
      "expected": "⠷142637⠾"
    },
    "AataExpression_118": {
      "expected": "⠷14356⠾"
    },
    "AataExpression_119": {
      "expected": "191⠠⠑⠀⠨⠅⠀⠂⠬151⠍"
    },
    "AataExpression_120": {
      "expected": "⠼1523"
    },
    "AataExpression_121": {
      "expected": "⠼1531"
    },
    "AataExpression_122": {
      "expected": "⠷17254⠾⠷1423⠾⠷154632⠾"
    },
    "AataExpression_123": {
      "expected": "⠷156⠾⠷234⠾"
    },
    "AataExpression_124": {
      "expected": "⠎⠀⠨⠅⠀⠤16"
    },
    "AataExpression_125": {
      "expected": "⠸⠼16"
    },
    "AataExpression_126": {
      "expected": "⠼160"
    },
    "AataExpression_127": {
      "expected": "⠨⠍⠀⠨⠅⠀⠷1634⠾"
    },
    "AataExpression_128": {
      "expected": "⠷⠝⠠⠠⠑⠾⠀⠨⠅⠀⠷16394854313⠠34578451⠾"
    },
    "AataExpression_129": {
      "expected": "⠢⠡⠶⠡47⠀⠨⠅⠀1645"
    },
    "AataExpression_130": {
      "expected": "⠼165"
    },
    "AataExpression_131": {
      "expected": "⠼168"
    },
    "AataExpression_132": {
      "expected": "41⠸⠇17⠷⠍⠕⠙⠦⠾"
    },
    "AataExpression_133": {
      "expected": "⠷17352⠾"
    },
    "AataExpression_134": {
      "expected": "⠼1739"
    },
    "AataExpression_135": {
      "expected": "⠼175"
    },
    "AataExpression_136": {
      "expected": "180⠘⠘⠨⠡"
    },
    "AataExpression_137": {
      "expected": "⠼19"
    },
    "AataExpression_138": {
      "expected": "⠷⠝⠠⠠⠑⠾⠀⠨⠅⠀⠷3053⠠1921⠾"
    },
    "AataExpression_139": {
      "expected": "196,833⠡196,833"
    },
    "AataExpression_140": {
      "expected": "⠼19945"
    },
    "AataExpression_141": {
      "expected": "⠝⠀⠨⠅⠀3551⠠⠠⠙⠀⠨⠅⠀1997⠠⠽⠀⠨⠅⠀2791"
    },
    "AataExpression_142": {
      "expected": "⠼200"
    },
    "AataExpression_143": {
      "expected": "⠼2000"
    },
    "AataExpression_144": {
      "expected": "2071⠘9521⠐⠷⠍⠕⠙4724⠾"
    },
    "AataExpression_145": {
      "expected": "⠼2134"
    },
    "AataExpression_146": {
      "expected": "⠭⠸⠇214⠷⠍⠕⠙2772⠾"
    },
    "AataExpression_147": {
      "expected": "2234⠬4121"
    },
    "AataExpression_148": {
      "expected": "⠝⠀⠨⠅⠀2257⠠⠠⠑⠀⠨⠅⠀47⠠⠭⠀⠨⠅⠀23"
    },
    "AataExpression_149": {
      "expected": "⠷⠝⠠⠠⠑⠾⠀⠨⠅⠀⠷451⠠231⠾"
    },
    "AataExpression_150": {
      "expected": "⠝⠀⠨⠅⠀45629⠠⠠⠑⠀⠨⠅⠀781⠠⠭⠀⠨⠅⠀231561"
    },
    "AataExpression_151": {
      "expected": "⠼234"
    },
    "AataExpression_152": {
      "expected": "⠼23771"
    },
    "AataExpression_153": {
      "expected": "41⠤17⠀⠨⠅⠀24"
    },
    "AataExpression_154": {
      "expected": "72⠈⠑⠈⠠⠵240"
    },
    "AataExpression_155": {
      "expected": "⠼2415"
    },
    "AataExpression_156": {
      "expected": "⠠⠝⠀⠨⠅⠀250"
    },
    "AataExpression_157": {
      "expected": "⠼255"
    },
    "AataExpression_158": {
      "expected": "2557⠘341⠐⠷⠍⠕⠙5681⠾"
    },
    "AataExpression_159": {
      "expected": "⠆⠘⠦⠐⠀⠨⠅⠀256"
    },
    "AataExpression_160": {
      "expected": "⠢⠭⠬⠂⠸⠇13⠷⠍⠕⠙26⠾"
    },
    "AataExpression_161": {
      "expected": "2600⠀⠨⠅⠀⠆⠘⠒⠐⠡⠢⠘⠆⠐⠡13"
    },
    "AataExpression_162": {
      "expected": "⠈⠠⠵27"
    },
    "AataExpression_163": {
      "expected": "271⠘321⠐⠷⠍⠕⠙481⠾"
    },
    "AataExpression_164": {
      "expected": "⠝⠀⠨⠅⠀120979⠠⠠⠙⠀⠨⠅⠀27331⠠⠽⠀⠨⠅⠀112135"
    },
    "AataExpression_165": {
      "expected": "⠼2791"
    },
    "AataExpression_166": {
      "expected": "⠼28"
    },
    "AataExpression_167": {
      "expected": "⠟⠀⠨⠅⠀29"
    },
    "AataExpression_168": {
      "expected": "292⠘3171⠐⠷⠍⠕⠙582⠾"
    },
    "AataExpression_169": {
      "expected": "2134⠡1531⠀⠨⠅⠀3,267,154"
    },
    "AataExpression_170": {
      "expected": "⠠⠥⠷30⠾"
    },
    "AataExpression_171": {
      "expected": "⠝⠀⠨⠅⠀3551⠠⠠⠑⠀⠨⠅⠀629⠠⠭⠀⠨⠅⠀31"
    },
    "AataExpression_172": {
      "expected": "312⠈⠑⠈⠠⠵471"
    },
    "AataExpression_173": {
      "expected": "⠼342"
    },
    "AataExpression_174": {
      "expected": "⠠⠛⠀⠨⠅⠀⠨⠷⠷⠂⠾⠠⠷12⠾⠠⠷345⠾⠠⠷354⠾⠠⠷12⠾⠷345⠾⠠⠷12⠾⠷354⠾⠨⠾"
    },
    "AataExpression_175": {
      "expected": "44352000"
    },
    "AataExpression_176": {
      "expected": "360⠘⠘⠨⠡"
    },
    "AataExpression_177": {
      "expected": "⠼37"
    },
    "AataExpression_178": {
      "expected": "⠼3754"
    },
    "AataExpression_179": {
      "expected": "⠼38"
    },
    "AataExpression_180": {
      "expected": "⠼39"
    },
    "AataExpression_181": {
      "expected": "391⠀⠨⠅⠀17⠡23"
    },
    "AataExpression_182": {
      "expected": "⠭⠀⠨⠅⠀⠲"
    },
    "AataExpression_183": {
      "expected": "⠼40"
    },
    "AataExpression_184": {
      "expected": "⠼42"
    },
    "AataExpression_185": {
      "expected": "43⠤18⠊"
    },
    "AataExpression_186": {
      "expected": "⠝⠀⠨⠅⠀8779⠡4327"
    },
    "AataExpression_187": {
      "expected": "⠤4357"
    },
    "AataExpression_188": {
      "expected": "⠼44"
    },
    "AataExpression_189": {
      "expected": "⠼46"
    },
    "AataExpression_190": {
      "expected": "⠼46,388"
    },
    "AataExpression_191": {
      "expected": "⠠⠙470448"
    },
    "AataExpression_192": {
      "expected": "⠼471"
    },
    "AataExpression_193": {
      "expected": "⠈⠠⠵48"
    },
    "AataExpression_194": {
      "expected": "⠠⠑⠀⠨⠅⠀487"
    },
    "AataExpression_195": {
      "expected": "⠠⠥⠷49⠾"
    },
    "AataExpression_196": {
      "expected": "⠆⠬⠒⠀⠨⠅⠀⠢"
    },
    "AataExpression_197": {
      "expected": "⠼500"
    },
    "AataExpression_198": {
      "expected": "⠼⠶⠯⠀⠨⠅⠀5040"
    },
    "AataExpression_199": {
      "expected": "⠼51"
    },
    "AataExpression_200": {
      "expected": "⠆⠘511⠐⠤⠂"
    },
    "AataExpression_201": {
      "expected": "⠼52"
    },
    "AataExpression_202": {
      "expected": "⠼53"
    },
    "AataExpression_203": {
      "expected": "⠼54"
    },
    "AataExpression_204": {
      "expected": "540⠀⠨⠅⠀⠆⠘⠆⠐⠡⠒⠘⠒⠐⠡⠢"
    },
    "AataExpression_205": {
      "expected": "⠼561"
    },
    "AataExpression_206": {
      "expected": "⠼562"
    },
    "AataExpression_207": {
      "expected": "57⠀⠨⠅⠀⠆⠘⠴⠐⠬⠆⠘⠒⠐⠬⠆⠘⠲⠐⠬⠆⠘⠢"
    },
    "AataExpression_208": {
      "expected": "⠼58"
    },
    "AataExpression_209": {
      "expected": "⠝⠀⠨⠅⠀5893⠠⠠⠙⠀⠨⠅⠀81⠠⠽⠀⠨⠅⠀34"
    },
    "AataExpression_210": {
      "expected": "⠼59"
    },
    "AataExpression_211": {
      "expected": "⠆⠭⠀⠨⠅⠀⠖"
    },
    "AataExpression_212": {
      "expected": "⠼6.00000"
    },
    "AataExpression_213": {
      "expected": "⠷⠂⠠⠆⠠⠲⠠⠦⠾⠷⠒⠠6.12⠠⠔⠾⠷⠢⠠10⠾⠷⠶⠠14⠠13⠠11⠾"
    },
    "AataExpression_214": {
      "expected": "⠵⠀⠨⠅⠀⠆⠉⠊⠎60⠘⠘⠨⠡"
    },
    "AataExpression_215": {
      "expected": "⠭⠘⠲⠐⠤⠷⠆⠌⠒⠾⠭⠘⠆⠤62⠌⠔"
    },
    "AataExpression_216": {
      "expected": "⠈⠷⠠⠛⠠⠋⠷625⠾⠱⠠⠛⠠⠋⠷25⠾⠈⠾"
    },
    "AataExpression_217": {
      "expected": "⠼631"
    },
    "AataExpression_218": {
      "expected": "⠼64"
    },
    "AataExpression_219": {
      "expected": "⠆⠘⠆⠘⠘⠲⠐⠀⠨⠅⠀65,536"
    },
    "AataExpression_220": {
      "expected": "⠼66"
    },
    "AataExpression_221": {
      "expected": "⠼720"
    },
    "AataExpression_222": {
      "expected": "⠼729"
    },
    "AataExpression_223": {
      "expected": "971⠘321⠐⠷⠍⠕⠙765⠾"
    },
    "AataExpression_224": {
      "expected": "⠼771"
    },
    "AataExpression_225": {
      "expected": "⠈⠠⠵10⠡⠈⠠⠵24⠡⠈⠠⠵80"
    },
    "AataExpression_226": {
      "expected": "⠶⠘⠢⠐⠀⠨⠅⠀16807"
    },
    "AataExpression_227": {
      "expected": "⠼811"
    },
    "AataExpression_228": {
      "expected": "95⠡97⠡98⠡99⠀⠨⠅⠀89,403,930"
    },
    "AataExpression_229": {
      "expected": "90⠘⠘⠨⠡"
    },
    "AataExpression_230": {
      "expected": "⠼945"
    },
    "AataExpression_231": {
      "expected": "⠼95"
    },
    "AataExpression_232": {
      "expected": "⠼96"
    },
    "AataExpression_233": {
      "expected": "⠼97"
    },
    "AataExpression_234": {
      "expected": "⠼98"
    },
    "AataExpression_235": {
      "expected": "⠼99"
    },
    "AataExpression_236": {
      "expected": "⠼9923"
    },
    "AataExpression_237": {
      "expected": "⠁⠈⠑⠠⠁"
    },
    "AataExpression_238": {
      "expected": "⠠⠁⠥⠞⠷⠠⠛⠾"
    },
    "AataExpression_239": {
      "expected": "⠠⠁⠸⠐⠅⠠⠃"
    },
    "AataExpression_240": {
      "expected": "⠓⠱⠠⠉⠀⠫⠕⠀⠠⠙"
    },
    "AataExpression_241": {
      "expected": "⠠⠛⠡⠠⠛⠀⠫⠕⠀⠠⠛"
    },
    "AataExpression_242": {
      "expected": "⠠⠛⠠⠋⠷⠏⠘⠝⠐⠾"
    },
    "AataExpression_243": {
      "expected": "⠠⠓⠀⠨⠅⠀⠨⠷⠑⠨⠾"
    },
    "AataExpression_244": {
      "expected": "⠈⠠⠓"
    },
    "AataExpression_245": {
      "expected": "⠠⠓⠕⠍⠷⠠⠧⠠⠠⠺⠾"
    },
    "AataExpression_246": {
      "expected": "⠠⠊⠝⠝⠷⠠⠛⠾"
    },
    "AataExpression_247": {
      "expected": "⠠⠛⠠⠇⠆⠷⠈⠠⠗⠾"
    },
    "AataExpression_248": {
      "expected": "⠨⠋⠱caligraphic⠠⠇⠰⠠⠓⠐⠀⠫⠕⠀caligraphic⠠⠗⠰⠠⠓⠐"
    },
    "AataExpression_249": {
      "expected": "⠈⠠⠍⠆⠷⠈⠠⠗⠾"
    },
    "AataExpression_250": {
      "expected": "⠠⠗⠌⠠⠍"
    },
    "AataExpression_251": {
      "expected": "⠂⠀⠐⠅⠀⠝⠀⠐⠅⠀⠠⠝"
    },
    "AataExpression_252": {
      "expected": "⠠⠝⠥⠇⠇⠷⠠⠓⠾"
    },
    "AataExpression_253": {
      "expected": "⠠⠕⠷⠝⠾"
    },
    "AataExpression_254": {
      "expected": "⠠⠏⠠⠁⠠⠏⠘⠤⠂⠐⠀⠨⠅⠀⠠⠃"
    },
    "AataExpression_255": {
      "expected": "⠈⠠⠏⠷⠈⠠⠗⠾"
    },
    "AataExpression_256": {
      "expected": "⠠⠟⠠⠃⠠⠟⠘⠤⠂⠐⠀⠨⠅⠀⠠⠉"
    },
    "AataExpression_257": {
      "expected": "⠠⠗⠸⠐⠅⠠⠭⠡⠠⠭"
    },
    "AataExpression_258": {
      "expected": "⠠⠎⠀⠨⠅⠀⠨⠷⠂⠠⠆⠠⠒⠨⠾"
    },
    "AataExpression_259": {
      "expected": "⠠⠎⠀⠨⠅⠀18"
    },
    "AataExpression_260": {
      "expected": "⠠⠞⠰⠠⠁⠐⠱⠈⠠⠗⠘⠆⠐⠀⠫⠕⠀⠈⠠⠗⠘⠆"
    },
    "AataExpression_261": {
      "expected": "⠈⠠⠞⠀⠨⠅⠀⠨⠷⠵⠈⠑⠈⠠⠉⠘⠈⠼⠐⠱⠳⠵⠳⠀⠨⠅⠀⠂⠨⠾"
    },
    "AataExpression_262": {
      "expected": "⠠⠁⠸⠐⠅⠠⠥"
    },
    "AataExpression_263": {
      "expected": "⠧⠈⠑⠠⠧"
    },
    "AataExpression_264": {
      "expected": "⠠⠽⠀⠨⠅⠀⠨⠷⠠⠃⠠⠠⠺⠨⠾"
    },
    "AataExpression_265": {
      "expected": "⠋⠱⠠⠭⠀⠫⠕⠀⠠⠽"
    },
    "AataExpression_266": {
      "expected": "⠈⠠⠍⠰⠍⠡⠝⠐⠷⠸⠠⠵⠆⠾"
    },
    "AataExpression_267": {
      "expected": "⠈⠷⠭⠈⠾⠀⠨⠅⠀⠨⠷⠽⠈⠑⠠⠭⠱⠽⠄⡳⠭⠆⠆⠒⠉⠄⠭⠨⠾"
    },
    "AataExpression_268": {
      "expected": "⠠⠋⠈⠷⠭⠈⠾"
    },
    "AataExpression_269": {
      "expected": "⠉⠓⠁⠗⠠⠗"
    },
    "AataExpression_270": {
      "expected": "⠗⠉⠊⠎⠨⠹"
    },
    "AataExpression_271": {
      "expected": "⠨⠁⠨⠃⠀⠨⠅⠀⠊⠙"
    },
    "AataExpression_272": {
      "expected": "⠙⠑⠛⠋⠷⠭⠾⠀⠨⠅⠀⠝"
    },
    "AataExpression_273": {
      "expected": "⠙⠑⠞⠠⠁⠀⠨⠅⠀⠁⠙⠤⠃⠉⠀⠌⠨⠅⠀⠴"
    },
    "AataExpression_274": {
      "expected": "⠙⠊⠍⠠⠧⠀⠨⠅⠀⠝"
    },
    "AataExpression_275": {
      "expected": "⠋⠘⠤⠂⠐⠷⠭⠾⠀⠨⠅⠀⠑⠘⠭"
    },
    "AataExpression_276": {
      "expected": "⠋⠸⠐⠅⠠⠁⠡⠠⠃"
    },
    "AataExpression_277": {
      "expected": "⠛⠷⠂⠾⠀⠨⠅⠀⠁"
    },
    "AataExpression_278": {
      "expected": "⠙⠀⠨⠅⠀⠛⠉⠙⠷⠁⠠⠃⠾"
    },
    "AataExpression_279": {
      "expected": "⠠⠭⠰⠊⠐⠨⠩⠠⠭⠰⠚⠐⠀⠨⠅⠀⠸⠴"
    },
    "AataExpression_280": {
      "expected": "⠅⠑⠗⠨⠋"
    },
    "AataExpression_281": {
      "expected": "⠎⠤⠞⠀⠨⠅⠀⠇⠝"
    },
    "AataExpression_282": {
      "expected": "⠇⠉⠍⠷⠁⠠⠃⠾"
    },
    "AataExpression_283": {
      "expected": "⠐⠇⠊⠍⠩⠝⠀⠫⠕⠀⠠⠿⠻⠋⠰⠝⠐⠌⠋⠰⠝⠬⠂⠐⠀⠨⠅⠀⠷⠜⠢⠻⠤⠂⠾⠌⠆"
    },
    "AataExpression_284": {
      "expected": "⠋⠷⠭⠾⠀⠨⠅⠀⠇⠝⠀⠭"
    },
    "AataExpression_285": {
      "expected": "⠈⠠⠗⠘⠍"
    },
    "AataExpression_286": {
      "expected": "⠙⠑⠛⠷⠏⠷⠭⠾⠬⠟⠷⠭⠾⠾⠀⠀⠅⠱⠀⠍⠁⠭⠀⠷⠙⠑⠛⠏⠷⠭⠾⠠⠙⠑⠛⠟⠷⠭⠾⠾"
    },
    "AataExpression_287": {
      "expected": "⠙⠰⠍⠊⠝⠀"
    },
    "AataExpression_288": {
      "expected": "⠗⠀⠨⠅⠀⠎"
    },
    "AataExpression_289": {
      "expected": "⠸⠗"
    },
    "AataExpression_290": {
      "expected": "⠋⠷⠭⠾⠀⠨⠅⠀⠎⠊⠝⠀⠭"
    },
    "AataExpression_291": {
      "expected": "⠗⠌⠎⠄⡳⠭⠆⠆⠒⠉⠄⠞⠌⠥"
    },
    "AataExpression_292": {
      "expected": "⠸⠃⠀⠨⠅⠀⠷⠆⠠⠆⠾⠘⠞"
    },
    "AataExpression_293": {
      "expected": "⠧⠈⠑⠈⠠⠗⠘⠆"
    },
    "AataExpression_294": {
      "expected": "⠸⠺"
    },
    "AataExpression_295": {
      "expected": "⠸⠭⠀⠨⠅⠀⠷⠭⠂⠠⠄⠠⠭⠰⠝⠐⠾"
    },
    "AataExpression_296": {
      "expected": "⠠⠁⠀⠨⠅⠀⠨⠷⠭⠠⠽⠨⠾"
    },
    "AataExpression_297": {
      "expected": "⠸⠽⠀⠨⠅⠀⠷⠽⠂⠠⠄⠠⠽⠰⠝⠐⠾"
    },
    "AataExpression_298": {
      "expected": "⠳⠭⠤⠽⠳⠀⠀⠅⠱⠀⠲"
    },
    "AataExpression_299": {
      "expected": "⠨⠎overTilde"
    },
    "AataExpression_300": {
      "expected": "⠠⠁⠡⠠⠃"
    },
    "AataExpression_301": {
      "expected": "⠨⠠⠙⠀⠨⠅⠀⠃⠘⠆⠐⠤⠲⠁⠉"
    },
    "AataExpression_302": {
      "expected": "⠨⠁"
    },
    "AataExpression_303": {
      "expected": "⠨⠃"
    },
    "AataExpression_304": {
      "expected": "⠄⡳⠭⠆⠶⠑⠦⠄⠸⠁⠰⠗⠐⠠⠸⠁⠰⠎⠐⠄⡳⠭⠆⠶⠑⠔⠄⠀⠨⠅⠀⠨⠙⠰⠗⠎"
    },
    "AataExpression_305": {
      "expected": "⠨⠦⠱⠠⠛⠌⠠⠅⠀⠫⠕⠀⠨⠓⠷⠠⠛⠾"
    },
    "AataExpression_306": {
      "expected": "⠨⠇"
    },
    "AataExpression_307": {
      "expected": "⠨⠍⠂⠨⠗⠂"
    },
    "AataExpression_308": {
      "expected": "⠨⠝⠱⠈⠠⠵⠈⠷⠜⠒⠻⠊⠈⠾⠀⠫⠕⠀⠈⠠⠝⠨⠬⠨⠷⠴⠨⠾"
    },
    "AataExpression_309": {
      "expected": "⠨⠏⠱⠠⠎⠀⠫⠕⠀⠠⠎"
    },
    "AataExpression_310": {
      "expected": "⠨⠓"
    },
    "AataExpression_311": {
      "expected": "⠺⠀⠨⠅⠀⠎⠉⠊⠎⠨⠋"
    },
    "AataExpression_312": {
      "expected": "⠠⠁⠄"
    },
    "AataExpression_313": {
      "expected": "⠛⠄⠄"
    },
    "AataExpression_314": {
      "expected": "⠈⠈⠇"
    },
    "AataExpression_315": {
      "expected": "⠋⠱⠠⠁⠀⠫⠕⠀⠠⠃"
    },
    "AataExpression_316": {
      "expected": "⠋⠱⠁⠀⠫⠳⠒⠒⠕⠀⠃"
    },
    "AataExpression_317": {
      "expected": "⠷⠀⠫⠪⠪⠒⠒⠀⠾"
    },
    "AataExpression_318": {
      "expected": "⠸⠴"
    },
    "AataExpression_319": {
      "expected": "⠤⠒⠌⠈⠑⠠⠑"
    },
    "AataExpression_320": {
      "expected": "⠈⠠⠉⠘⠈⠼"
    },
    "AataExpression_321": {
      "expected": "⠷⠛⠘⠨⠡⠋⠾⠷⠭⠾⠀⠨⠅⠀⠛⠷⠋⠷⠭⠾⠾"
    },
    "AataExpression_322": {
      "expected": "⠁⠳⠃"
    },
    "AataExpression_323": {
      "expected": "⠏⠌⠳⠁"
    },
    "AataExpression_324": {
      "expected": "⠁⠄⡳⠭⠆⠆⠆⠶⠄⠃"
    },
    "AataExpression_325": {
      "expected": "⠁⠄⡳⠭⠆⠆⠆⠦⠄⠃"
    },
    "AataExpression_326": {
      "expected": "⠠⠁⠨⠬⠠⠃"
    },
    "AataExpression_327": {
      "expected": "⠭⠄⡳⠭⠆⠆⠒⠉⠄⠽"
    },
    "AataExpression_328": {
      "expected": "⠀⠈⠱⠈⠱⠀"
    },
    "AataExpression_329": {
      "expected": "⠁⠀⠌⠨⠅⠀⠴"
    },
    "AataExpression_330": {
      "expected": "⠸⠇"
    },
    "AataExpression_331": {
      "expected": "⠟⠄⡳⠭⠆⠆⠖⠆⠄⠂⠷⠍⠕⠙⠏⠾"
    },
    "AataExpression_332": {
      "expected": "⠭⠀⠨⠂⠱⠀⠽"
    },
    "AataExpression_333": {
      "expected": "⠠⠃⠸⠨⠂⠠⠁"
    },
    "AataExpression_334": {
      "expected": "⠠⠁⠌⠸⠐⠅⠠⠃"
    },
    "AataExpression_335": {
      "expected": "⠠⠺⠀⠨⠅⠀⠠⠥⠫⠉⠸⠫⠬⠻⠠⠧"
    },
    "AataExpression_336": {
      "expected": "⠆⠡⠲"
    },
    "AataExpression_337": {
      "expected": "⠠⠵⠒⠄⡳⠭⠆⠆⠉⠁⠄⠠⠵⠲"
    },
    "AataExpression_338": {
      "expected": "⠫⠞⠠⠁⠠⠃⠠⠉"
    },
    "AataExpression_339": {
      "expected": "⠁⠄⡳⠭⠆⠁⠁⠋⠄⠃"
    },
    "AataExpression_340": {
      "expected": "⠄⡳⠭⠆⠁⠃⠴⠄"
    }
  }
}
