{
  "_comment0_": " With support from the Mozilla Foundation under a MOSS grant.",
  "name": "KoreanClearspeakMatricesAndCombinatorics",
  "locale": "ko",
  "factory": "clearspeak",
  "base": "input/clearspeak/clearspeak_matrices_vectors_and_combinatorics.json",
  "information": "Korean Clearspeak Matrices, Vectors, and Combinatorics rule tests.",
  "active": "ClearspeakKorean",
  "exclude": [],
  "tests": {
    "_comment1_": " ClearSpeak Rules and Preferences Examples: Matrices, Vectors, and",
    "_comment2_": " Combinatorics",
    "_comment3_": " Matrices, Vectors, and Combinatorics",
    "Matrix001": {
      "expected": "2 행 2 열의 행렬.  1행: 2, 1  2행: 7, 5"
    },
    "Matrix002": {
      "expected": "2 행 2 열의 행렬.  1행: 2, 1  2행: 7, 5"
    },
    "Matrix003": {
      "expected": "2 행 3 열의 행렬.  1행: 3, 1, 4  2행: 0, 2, 6"
    },
    "Matrix004": {
      "expected": "2 행 3 열의 행렬.  1행: 3, 1, 4  2행: 0, 2, 6"
    },
    "Matrix005": {
      "expected": "3 행 1 열의 행렬. 1, 2, 3"
    },
    "Matrix006": {
      "expected": "3 행 1 열의 행렬. 1, 2, 3"
    },
    "Matrix007": {
      "expected": "1 행 2 열의 행렬. 3, 5"
    },
    "Matrix008": {
      "expected": "1 행 2 열의 행렬. 3, 5"
    },
    "Matrix008a": {
      "expected": "1 행 1 열의 행렬 3"
    },
    "Matrix008b": {
      "expected": "1 행 1 열의 행렬 3"
    },
    "Matrix009": {
      "expected": "2 행 1 열의 행렬.  1행: x 더하기 1  2행: x 빼기 1"
    },
    "Matrix010": {
      "expected": "4 행 1 열의 행렬.  1행: 3  2행: 6  3행: 1  4행: 2"
    },
    "Matrix011": {
      "expected": "1 행 2 열의 행렬.  1열: x 더하기 1  2열: 2 x"
    },
    "Matrix012": {
      "expected": "1 행 4 열의 행렬.  1열: 3  2열: 6  3열: 1  4열: 2"
    },
    "Matrix013": {
      "expected": "3 행 3 열의 행렬.  1행: 2, 4, 1  2행: 3, 5, 2  3행: 1, 4, 7"
    },
    "Matrix014": {
      "expected": "4 행 4 열의 행렬.  1행:  1열, 0;  2열, 3;  3열, 4;  4열, 3.  2행:  1열, 2;  2열, 1;  3열, 0;  4열, 9.  3행:  1열, 3;  2열, 0;  3열, 2;  4열, 1.  4행:  1열, 6;  2열, 2;  3열, 9;  4열, 0"
    },
    "Matrix015": {
      "expected": "2 행 5 열의 행렬.  1행:  1열, 2;  2열, 1;  3열, 0;  4열, 5;  5열, 3.  2행:  1열, 3;  2열, 4;  3열, 2;  4열, 7;  5열, 0"
    },
    "Matrix016": {
      "expected": "4 행 2 열의 행렬.  1행:  1열, 1;  2열, 3.  2행:  1열, 4;  2열, 2.  3행:  1열, 2;  2열, 1.  4행:  1열, 0;  2열, 5"
    },
    "Matrix017": {
      "expected": "2 행 2 열의 행렬.  1행:  1열, 2;  2열, 1.  2행:  1열, 7;  2열, 5 더하기 x"
    },
    "Matrix018": {
      "expected": "2 행 3 열의 행렬.  1행:  1열, 3;  2열, 1 빼기 x;  3열, 4.  2행:  1열, 0;  2열, 2;  3열, 6"
    },
    "Matrix019": {
      "expected": "2 행 2 열의 행렬.  1행: 2 x, 1  2행: 7, 5"
    },
    "Matrix019b": {
      "expected": "2 행 2 열의 행렬.  1행: 2 x, y  2행: 2 분의 1, 3 분의 2"
    },
    "Matrix020": {
      "expected": "2 행 2 열의 행렬.  1행: 2 분의 1, 3 분의 2  2행: 4 분의 3, 5 분의 1"
    },
    "Matrix021": {
      "expected": "2 행 2 열의 행렬.  1행: b 아래첨자 1 1, b 아래첨자 1 2  2행: b 아래첨자 2 1, b 아래첨자 2 2"
    },
    "Matrix022": {
      "_comment4_": " var speech = '3 times 2 행 2 열의 행렬.  1행: 2, 1  2행: 7, 5. times the",
      "_comment5_": " 2 by 3 matrix. Row 1: Column 1, 3; Column 2, 1; Column 3, 4. Row 2: Column",
      "_comment6_": " 1, 0; Column 2, 2; Column 3, 6';",
      "expected": "3 곱하기 2 행 2 열의 행렬.  1행: 2, 1  2행: 7, 5. 곱하기 2 행 3 열의 행렬.  1행: 3, 1, 4  2행: 0, 2, 6"
    },
    "Matrix023": {
      "expected": "2 행 2 열의 행렬.  1행: 2 분의 1, 3 분의 2  2행: 4 분의 3, 5 분의 1. 곱하기 2 행 3 열의 행렬.  1행:  1열, 3;  2열, 1 빼기 x;  3열, 4.  2행:  1열, 0;  2열, 2;  3열, 6"
    },
    "Matrix024": {
      "expected": "4 행 4 열의 행렬.  1행:  1열, 0;  2열, 3;  3열, 4;  4열, 3.  2행:  1열, 2;  2열, 1;  3열, 0;  4열, 9.  3행:  1열, 3;  2열, 0;  3열, 2;  4열, 1.  4행:  1열, 6;  2열, 2;  3열, 9;  4열, 0. 곱하기 4 행 2 열의 행렬.  1행:  1열, 1;  2열, 3.  2행:  1열, 4;  2열, 2.  3행:  1열, 2;  2열, 1.  4행:  1열, 0;  2열, 5"
    },
    "Matrix025": {
      "expected": "행렬식 2 행 2 열의 행렬.  1행: 2, 1  2행: 7, 5"
    },
    "Matrix026": {
      "expected": "행렬식 의 2 행 2 열의 행렬.  1행: 2, 1  2행: 7, 5"
    },
    "Matrix027": {
      "expected": "행렬식 3 행 3 열의 행렬.  1행: 2, 4, 1  2행: 3, 5, 2  3행: 1, 4, 7"
    },
    "Matrix028": {
      "expected": "행렬식 의 3 행 3 열의 행렬.  1행: 2, 4, 1  2행: 3, 5, 2  3행: 1, 4, 7"
    },
    "Matrix029": {
      "expected": "행렬식 4 행 4 열의 행렬.  1행:  1열, 0;  2열, 3;  3열, 4;  4열, 3.  2행:  1열, 2;  2열, 1;  3열, 0;  4열, 9.  3행:  1열, 3;  2열, 0;  3열, 2;  4열, 1.  4행:  1열, 6;  2열, 2;  3열, 9;  4열, 0"
    },
    "Matrix030": {
      "expected": "행렬식 의 4 행 4 열의 행렬.  1행:  1열, 0;  2열, 3;  3열, 4;  4열, 3.  2행:  1열, 2;  2열, 1;  3열, 0;  4열, 9.  3행:  1열, 3;  2열, 0;  3열, 2;  4열, 1.  4행:  1열, 6;  2열, 2;  3열, 9;  4열, 0"
    },
    "Matrix031": {
      "expected": "행렬식 2 행 2 열의 행렬.  1행:  1열, 2;  2열, 1.  2행:  1열, 7;  2열, 5 더하기 x"
    },
    "Matrix032": {
      "expected": "행렬식 의 2 행 2 열의 행렬.  1행:  1열, 2;  2열, 1.  2행:  1열, 7;  2열, 5 더하기 x"
    },
    "Matrix033": {
      "expected": "행렬식 2 행 2 열의 행렬.  1행: 2 x, 1  2행: 7, 5"
    },
    "Matrix034": {
      "expected": "행렬식 의 2 행 2 열의 행렬.  1행: 2 x, 1  2행: 7, 5"
    },
    "Matrix035": {
      "expected": "행렬식 2 행 2 열의 행렬.  1행: 2 x, y  2행: 2 분의 1, 3 분의 2"
    },
    "Matrix036": {
      "expected": "행렬식 의 2 행 2 열의 행렬.  1행: 2 x, y  2행: 2 분의 1, 3 분의 2"
    },
    "Matrix037": {
      "expected": "행렬식 2 행 2 열의 행렬.  1행: 2 분의 1, 3 분의 2  2행: 4 분의 3, 5 분의 1"
    },
    "Matrix038": {
      "expected": "행렬식 의 2 행 2 열의 행렬.  1행: 2 분의 1, 3 분의 2  2행: 4 분의 3, 5 분의 1"
    },
    "Matrix039": {
      "expected": "2 행 2 열의 행렬.  1행:  1열, 2;  2열, 1.  2행:  1열, 7;  2열, 5"
    },
    "Matrix040": {
      "expected": "2 행 2 열의 행렬.  1행:  1열, 2;  2열, 1.  2행:  1열, 7;  2열, 5"
    },
    "Matrix041": {
      "expected": "2 행 3 열의 행렬.  1행:  1열, 3;  2열, 1;  3열, 4.  2행:  1열, 0;  2열, 2;  3열, 6"
    },
    "Matrix042": {
      "expected": "2 행 3 열의 행렬.  1행:  1열, 3;  2열, 1;  3열, 4.  2행:  1열, 0;  2열, 2;  3열, 6"
    },
    "Matrix043": {
      "expected": "3 행 1 열의 행렬.  1행: 1  2행: 2  3행: 3"
    },
    "Matrix044": {
      "expected": "3 행 1 열의 행렬.  1행: 1  2행: 2  3행: 3"
    },
    "Matrix045": {
      "expected": "1 행 2 열의 행렬.  1열: 3  2열: 5"
    },
    "Matrix046": {
      "expected": "1 행 2 열의 행렬.  1열: 3  2열: 5"
    },
    "Matrix047": {
      "expected": "1 행 4 열의 행렬.  1열: 1  2열: 2  3열: 3  4열: 4"
    },
    "Matrix048": {
      "expected": "1 행 4 열의 행렬.  1열: 1  2열: 2  3열: 3  4열: 4"
    },
    "Matrix049": {
      "expected": "4 행 1 열의 행렬.  1행: 1  2행: 2  3행: 3  4행: 4"
    },
    "Matrix050": {
      "expected": "4 행 1 열의 행렬.  1행: 1  2행: 2  3행: 3  4행: 4"
    },
    "Matrix051": {
      "expected": "2 행 1 열의 행렬.  1행: x 더하기 1  2행: x 빼기 1"
    },
    "Matrix052": {
      "expected": "4 행 1 열의 행렬.  1행: 3  2행: 6  3행: 1  4행: 2"
    },
    "Matrix053": {
      "expected": "1 행 2 열의 행렬.  1열: x 더하기 1  2열: 2 x"
    },
    "Matrix054": {
      "expected": "1 행 4 열의 행렬.  1열: 3  2열: 6  3열: 1  4열: 2"
    },
    "Matrix055": {
      "expected": "3 행 3 열의 행렬.  1행:  1열, 2;  2열, 4;  3열, 1.  2행:  1열, 3;  2열, 5;  3열, 2.  3행:  1열, 1;  2열, 4;  3열, 7"
    },
    "Matrix056": {
      "expected": "4 행 4 열의 행렬.  1행:  1열, 0;  2열, 3;  3열, 4;  4열, 3.  2행:  1열, 2;  2열, 1;  3열, 0;  4열, 9.  3행:  1열, 3;  2열, 0;  3열, 2;  4열, 1.  4행:  1열, 6;  2열, 2;  3열, 9;  4열, 0"
    },
    "Matrix057": {
      "expected": "2 행 5 열의 행렬.  1행:  1열, 2;  2열, 1;  3열, 0;  4열, 5;  5열, 3.  2행:  1열, 3;  2열, 4;  3열, 2;  4열, 7;  5열, 0"
    },
    "Matrix057a": {
      "expected": "4 행 2 열의 행렬.  1행:  1열, 1;  2열, 3.  2행:  1열, 4;  2열, 2.  3행:  1열, 2;  2열, 1.  4행:  1열, 0;  2열, 5"
    },
    "Matrix058": {
      "expected": "2 행 2 열의 행렬.  1행:  1열, 2;  2열, 1.  2행:  1열, 7;  2열, 5 더하기 x"
    },
    "Matrix059": {
      "expected": "2 행 3 열의 행렬.  1행:  1열, 3;  2열, 1 빼기 x;  3열, 4.  2행:  1열, 0;  2열, 2;  3열, 6"
    },
    "Matrix060": {
      "expected": "2 행 2 열의 행렬.  1행:  1열, 2 x;  2열, 1.  2행:  1열, 7;  2열, 5"
    },
    "Matrix061": {
      "expected": "2 행 2 열의 행렬.  1행:  1열, 2 x;  2열, y.  2행:  1열, 2 분의 1;  2열, 3 분의 2"
    },
    "Matrix062": {
      "expected": "2 행 2 열의 행렬.  1행:  1열, 2 분의 1;  2열, 3 분의 2.  2행:  1열, 4 분의 3;  2열, 5 분의 1"
    },
    "Matrix063": {
      "expected": "2 행 2 열의 행렬.  1행:  1열, b 아래첨자 1 1;  2열, b 아래첨자 1 2.  2행:  1열, b 아래첨자 2 1;  2열, b 아래첨자 2 2"
    },
    "Matrix064": {
      "expected": "3 곱하기 2 행 2 열의 행렬.  1행:  1열, 2;  2열, 1.  2행:  1열, 7;  2열, 5. 곱하기 2 행 3 열의 행렬.  1행:  1열, 3;  2열, 1;  3열, 4.  2행:  1열, 0;  2열, 2;  3열, 6"
    },
    "Matrix065": {
      "expected": "2 행 2 열의 행렬.  1행:  1열, 2 분의 1;  2열, 3 분의 2.  2행:  1열, 4 분의 3;  2열, 5 분의 1. 곱하기 2 행 3 열의 행렬.  1행:  1열, 3;  2열, 1 빼기 x;  3열, 4.  2행:  1열, 0;  2열, 2;  3열, 6"
    },
    "Matrix066": {
      "expected": "4 행 4 열의 행렬.  1행:  1열, 0;  2열, 3;  3열, 4;  4열, 3.  2행:  1열, 2;  2열, 1;  3열, 0;  4열, 9.  3행:  1열, 3;  2열, 0;  3열, 2;  4열, 1.  4행:  1열, 6;  2열, 2;  3열, 9;  4열, 0. 곱하기 4 행 2 열의 행렬.  1행:  1열, 1;  2열, 3.  2행:  1열, 4;  2열, 2.  3행:  1열, 2;  2열, 1.  4행:  1열, 0;  2열, 5"
    },
    "Matrix067": {
      "expected": "행렬식 2 행 2 열의 행렬.  1행:  1열, 2;  2열, 1.  2행:  1열, 7;  2열, 5"
    },
    "Matrix068": {
      "expected": "행렬식 의 2 행 2 열의 행렬.  1행:  1열, 2;  2열, 1.  2행:  1열, 7;  2열, 5"
    },
    "Matrix069": {
      "expected": "행렬식 3 행 3 열의 행렬.  1행:  1열, 2;  2열, 4;  3열, 1.  2행:  1열, 3;  2열, 5;  3열, 2.  3행:  1열, 1;  2열, 4;  3열, 7"
    },
    "Matrix070": {
      "expected": "행렬식 의 3 행 3 열의 행렬.  1행:  1열, 2;  2열, 4;  3열, 1.  2행:  1열, 3;  2열, 5;  3열, 2.  3행:  1열, 1;  2열, 4;  3열, 7"
    },
    "Matrix071": {
      "expected": "행렬식 4 행 4 열의 행렬.  1행:  1열, 0;  2열, 3;  3열, 4;  4열, 3.  2행:  1열, 2;  2열, 1;  3열, 0;  4열, 9.  3행:  1열, 3;  2열, 0;  3열, 2;  4열, 1.  4행:  1열, 6;  2열, 2;  3열, 9;  4열, 0"
    },
    "Matrix072": {
      "expected": "행렬식 의 4 행 4 열의 행렬.  1행:  1열, 0;  2열, 3;  3열, 4;  4열, 3.  2행:  1열, 2;  2열, 1;  3열, 0;  4열, 9.  3행:  1열, 3;  2열, 0;  3열, 2;  4열, 1.  4행:  1열, 6;  2열, 2;  3열, 9;  4열, 0"
    },
    "Matrix073": {
      "expected": "행렬식 2 행 2 열의 행렬.  1행:  1열, 2;  2열, 1.  2행:  1열, 7;  2열, 5 더하기 x"
    },
    "Matrix074": {
      "expected": "행렬식 의 2 행 2 열의 행렬.  1행:  1열, 2;  2열, 1.  2행:  1열, 7;  2열, 5 더하기 x"
    },
    "Matrix075": {
      "expected": "행렬식 2 행 2 열의 행렬.  1행:  1열, 2 x;  2열, 1.  2행:  1열, 7;  2열, 5"
    },
    "Matrix076": {
      "expected": "행렬식 의 2 행 2 열의 행렬.  1행:  1열, 2 x;  2열, 1.  2행:  1열, 7;  2열, 5"
    },
    "Matrix077": {
      "expected": "행렬식 2 행 2 열의 행렬.  1행:  1열, 2 x;  2열, y.  2행:  1열, 2 분의 1;  2열, 3 분의 2"
    },
    "Matrix078": {
      "expected": "행렬식 의 2 행 2 열의 행렬.  1행:  1열, 2 x;  2열, y.  2행:  1열, 2 분의 1;  2열, 3 분의 2"
    },
    "Matrix079": {
      "expected": "행렬식 2 행 2 열의 행렬.  1행:  1열, 2 분의 1;  2열, 3 분의 2.  2행:  1열, 4 분의 3;  2열, 5 분의 1"
    },
    "Matrix080": {
      "expected": "행렬식 의 2 행 2 열의 행렬.  1행:  1열, 2 분의 1;  2열, 3 분의 2.  2행:  1열, 4 분의 3;  2열, 5 분의 1"
    },
    "Matrix081": {
      "expected": "2 행 2 열의 행렬.  1행: 2, 1  2행: 7, 5"
    },
    "Matrix082": {
      "expected": "2 행 2 열의 행렬.  1행: 2, 1  2행: 7, 5"
    },
    "Matrix083": {
      "expected": "2 행 3 열의 행렬.  1행: 3, 1, 4  2행: 0, 2, 6"
    },
    "Matrix084": {
      "expected": "2 행 3 열의 행렬.  1행: 3, 1, 4  2행: 0, 2, 6"
    },
    "Matrix085": {
      "expected": "3 행 1 열의 행렬. 1, 2, 3"
    },
    "Matrix086": {
      "expected": "3 행 1 열의 행렬. 1, 2, 3"
    },
    "Matrix087": {
      "expected": "1 행 2 열의 행렬. 3, 5"
    },
    "Matrix088": {
      "expected": "1 행 2 열의 행렬. 3, 5"
    },
    "Matrix089": {
      "expected": "2 행 1 열의 행렬. x 더하기 1, x 빼기 1"
    },
    "Matrix090": {
      "expected": "4 행 1 열의 행렬. 3, 6, 1, 2"
    },
    "Matrix091": {
      "expected": "1 행 2 열의 행렬. x 더하기 1, 2 x"
    },
    "Matrix092": {
      "expected": "1 행 4 열의 행렬. 3, 6, 1, 2"
    },
    "Matrix092a": {
      "expected": "3 행 3 열의 행렬.  1행: 2, 4, 1  2행: 3, 5, 2  3행: 1, 4, 7"
    },
    "Matrix093": {
      "expected": "4 행 4 열의 행렬.  1행: 0, 3, 4, 3  2행: 2, 1, 0, 9  3행: 3, 0, 2, 1  4행: 6, 2, 9, 0"
    },
    "Matrix094": {
      "expected": "2 행 5 열의 행렬.  1행: 2, 1, 0, 5, 3  2행: 3, 4, 2, 7, 0"
    },
    "Matrix095": {
      "expected": "4 행 2 열의 행렬.  1행: 1, 3  2행: 4, 2  3행: 2, 1  4행: 0, 5"
    },
    "Matrix096": {
      "expected": "2 행 2 열의 행렬.  1행: 2, 1  2행: 7, 5 더하기 x"
    },
    "Matrix097": {
      "expected": "2 행 3 열의 행렬.  1행: 3, 1 빼기 x, 4  2행: 0, 2, 6"
    },
    "Matrix098": {
      "expected": "2 행 2 열의 행렬.  1행: 2 x, 1  2행: 7, 5"
    },
    "Matrix099": {
      "expected": "2 행 2 열의 행렬.  1행: 2 x, y  2행: 2 분의 1, 3 분의 2"
    },
    "Matrix100": {
      "expected": "2 행 2 열의 행렬.  1행: 2 분의 1, 3 분의 2  2행: 4 분의 3, 5 분의 1"
    },
    "Matrix101": {
      "expected": "2 행 2 열의 행렬.  1행: b 아래첨자 1 1, b 아래첨자 1 2  2행: b 아래첨자 2 1, b 아래첨자 2 2"
    },
    "Matrix102": {
      "expected": "3 곱하기 2 행 2 열의 행렬.  1행: 2, 1  2행: 7, 5. 곱하기 2 행 3 열의 행렬.  1행: 3, 1, 4  2행: 0, 2, 6"
    },
    "Matrix103": {
      "expected": "2 행 2 열의 행렬.  1행: 2 분의 1, 3 분의 2  2행: 4 분의 3, 5 분의 1. 곱하기 2 행 3 열의 행렬.  1행: 3, 1 빼기 x, 4  2행: 0, 2, 6"
    },
    "Matrix104": {
      "expected": "4 행 4 열의 행렬.  1행: 0, 3, 4, 3  2행: 2, 1, 0, 9  3행: 3, 0, 2, 1  4행: 6, 2, 9, 0. 곱하기 4 행 2 열의 행렬.  1행: 1, 3  2행: 4, 2  3행: 2, 1  4행: 0, 5"
    },
    "Matrix105": {
      "expected": "행렬식 2 행 2 열의 행렬.  1행: 2, 1  2행: 7, 5"
    },
    "Matrix106": {
      "expected": "행렬식 의 2 행 2 열의 행렬.  1행: 2, 1  2행: 7, 5"
    },
    "Matrix107": {
      "expected": "행렬식 3 행 3 열의 행렬.  1행: 2, 4, 1  2행: 3, 5, 2  3행: 1, 4, 7"
    },
    "Matrix108": {
      "expected": "행렬식 의 3 행 3 열의 행렬.  1행: 2, 4, 1  2행: 3, 5, 2  3행: 1, 4, 7"
    },
    "Matrix109": {
      "expected": "행렬식 4 행 4 열의 행렬.  1행: 0, 3, 4, 3  2행: 2, 1, 0, 9  3행: 3, 0, 2, 1  4행: 6, 2, 9, 0"
    },
    "Matrix110": {
      "expected": "행렬식 의 4 행 4 열의 행렬.  1행: 0, 3, 4, 3  2행: 2, 1, 0, 9  3행: 3, 0, 2, 1  4행: 6, 2, 9, 0"
    },
    "Matrix111": {
      "expected": "행렬식 2 행 2 열의 행렬.  1행: 2, 1  2행: 7, 5 더하기 x"
    },
    "Matrix112": {
      "expected": "행렬식 의 2 행 2 열의 행렬.  1행: 2, 1  2행: 7, 5 더하기 x"
    },
    "Matrix113": {
      "expected": "행렬식 2 행 2 열의 행렬.  1행: 2 x, 1  2행: 7, 5"
    },
    "Matrix114": {
      "expected": "행렬식 의 2 행 2 열의 행렬.  1행: 2 x, 1  2행: 7, 5"
    },
    "Matrix115": {
      "expected": "행렬식 2 행 2 열의 행렬.  1행: 2 x, y  2행: 2 분의 1, 3 분의 2"
    },
    "Matrix116": {
      "expected": "행렬식 의 2 행 2 열의 행렬.  1행: 2 x, y  2행: 2 분의 1, 3 분의 2"
    },
    "Matrix117": {
      "expected": "행렬식 2 행 2 열의 행렬.  1행: 2 분의 1, 3 분의 2  2행: 4 분의 3, 5 분의 1"
    },
    "Matrix118": {
      "expected": "행렬식 의 2 행 2 열의 행렬.  1행: 2 분의 1, 3 분의 2  2행: 4 분의 3, 5 분의 1"
    },
    "Matrix119": {
      "expected": "2 행 2 열의 행렬.  1행: 2, 1  2행: 7, 5. 행렬끝"
    },
    "Matrix120": {
      "expected": "2 행 2 열의 행렬.  1행: 2, 1  2행: 7, 5. 행렬끝"
    },
    "Matrix121": {
      "expected": "2 행 3 열의 행렬.  1행: 3, 1, 4  2행: 0, 2, 6. 행렬끝"
    },
    "Matrix122": {
      "expected": "2 행 3 열의 행렬.  1행: 3, 1, 4  2행: 0, 2, 6. 행렬끝"
    },
    "Matrix123": {
      "expected": "3 행 1 열의 행렬. 1, 2, 3. 행렬끝"
    },
    "Matrix124": {
      "expected": "3 행 1 열의 행렬. 1, 2, 3. 행렬끝"
    },
    "Matrix125": {
      "expected": "1 행 2 열의 행렬. 3, 5. 행렬끝"
    },
    "Matrix126": {
      "expected": "1 행 2 열의 행렬. 3, 5. 행렬끝"
    },
    "Matrix127": {
      "expected": "2 행 1 열의 행렬.  1행: x 더하기 1  2행: x 빼기 1. 행렬끝"
    },
    "Matrix128": {
      "expected": "4 행 1 열의 행렬.  1행: 3  2행: 6  3행: 1  4행: 2. 행렬끝"
    },
    "Matrix129": {
      "expected": "1 행 2 열의 행렬.  1열: x 더하기 1  2열: 2 x. 행렬끝"
    },
    "Matrix130": {
      "expected": "1 행 4 열의 행렬.  1열: 3  2열: 6  3열: 1  4열: 2. 행렬끝"
    },
    "Matrix131": {
      "expected": "3 행 3 열의 행렬.  1행: 2, 4, 1  2행: 3, 5, 2  3행: 1, 4, 7. 행렬끝"
    },
    "Matrix132": {
      "expected": "4 행 4 열의 행렬.  1행:  1열, 0;  2열, 3;  3열, 4;  4열, 3.  2행:  1열, 2;  2열, 1;  3열, 0;  4열, 9.  3행:  1열, 3;  2열, 0;  3열, 2;  4열, 1.  4행:  1열, 6;  2열, 2;  3열, 9;  4열, 0. 행렬끝"
    },
    "Matrix133": {
      "expected": "2 행 5 열의 행렬.  1행:  1열, 2;  2열, 1;  3열, 0;  4열, 5;  5열, 3.  2행:  1열, 3;  2열, 4;  3열, 2;  4열, 7;  5열, 0. 행렬끝"
    },
    "Matrix134": {
      "expected": "4 행 2 열의 행렬.  1행:  1열, 1;  2열, 3.  2행:  1열, 4;  2열, 2.  3행:  1열, 2;  2열, 1.  4행:  1열, 0;  2열, 5. 행렬끝"
    },
    "Matrix135": {
      "expected": "2 행 2 열의 행렬.  1행:  1열, 2;  2열, 1.  2행:  1열, 7;  2열, 5 더하기 x. 행렬끝"
    },
    "Matrix136": {
      "expected": "2 행 3 열의 행렬.  1행:  1열, 3;  2열, 1 빼기 x;  3열, 4.  2행:  1열, 0;  2열, 2;  3열, 6. 행렬끝"
    },
    "Matrix137": {
      "expected": "2 행 2 열의 행렬.  1행: 2 x, 1  2행: 7, 5. 행렬끝"
    },
    "Matrix138": {
      "expected": "2 행 2 열의 행렬.  1행: 2 x, y  2행: 2 분의 1, 3 분의 2. 행렬끝"
    },
    "Matrix139": {
      "expected": "2 행 2 열의 행렬.  1행: 2 분의 1, 3 분의 2  2행: 4 분의 3, 5 분의 1. 행렬끝"
    },
    "_comment7_": " TODO: (Simons) Rewrite certain indices from implicit multiplication to",
    "_comment8_": " punctuation.",
    "Matrix140": {
      "expected": "2 행 2 열의 행렬.  1행: b 아래첨자 1 1, b 아래첨자 1 2  2행: b 아래첨자 2 1, b 아래첨자 2 2. 행렬끝"
    },
    "Matrix141": {
      "expected": "3 곱하기 2 행 2 열의 행렬.  1행: 2, 1  2행: 7, 5. 행렬끝 곱하기 2 행 3 열의 행렬.  1행: 3, 1, 4  2행: 0, 2, 6. 행렬끝"
    },
    "Matrix142": {
      "expected": "2 행 2 열의 행렬.  1행: 2 분의 1, 3 분의 2  2행: 4 분의 3, 5 분의 1. 행렬끝 곱하기 2 행 3 열의 행렬.  1행:  1열, 3;  2열, 1 빼기 x;  3열, 4.  2행:  1열, 0;  2열, 2;  3열, 6. 행렬끝"
    },
    "Matrix143": {
      "expected": "4 행 4 열의 행렬.  1행:  1열, 0;  2열, 3;  3열, 4;  4열, 3.  2행:  1열, 2;  2열, 1;  3열, 0;  4열, 9.  3행:  1열, 3;  2열, 0;  3열, 2;  4열, 1.  4행:  1열, 6;  2열, 2;  3열, 9;  4열, 0. 행렬끝 곱하기 4 행 2 열의 행렬.  1행:  1열, 1;  2열, 3.  2행:  1열, 4;  2열, 2.  3행:  1열, 2;  2열, 1.  4행:  1열, 0;  2열, 5. 행렬끝"
    },
    "Matrix144": {
      "expected": "행렬식 2 행 2 열의 행렬.  1행: 2, 1  2행: 7, 5. 행렬식끝"
    },
    "Matrix145": {
      "expected": "행렬식 의 2 행 2 열의 행렬.  1행: 2, 1  2행: 7, 5. 행렬끝"
    },
    "Matrix146": {
      "expected": "행렬식 3 행 3 열의 행렬.  1행: 2, 4, 1  2행: 3, 5, 2  3행: 1, 4, 7. 행렬식끝"
    },
    "Matrix147": {
      "expected": "행렬식 의 3 행 3 열의 행렬.  1행: 2, 4, 1  2행: 3, 5, 2  3행: 1, 4, 7. 행렬끝"
    },
    "Matrix148": {
      "expected": "행렬식 4 행 4 열의 행렬.  1행:  1열, 0;  2열, 3;  3열, 4;  4열, 3.  2행:  1열, 2;  2열, 1;  3열, 0;  4열, 9.  3행:  1열, 3;  2열, 0;  3열, 2;  4열, 1.  4행:  1열, 6;  2열, 2;  3열, 9;  4열, 0. 행렬식끝"
    },
    "Matrix149": {
      "expected": "행렬식 의 4 행 4 열의 행렬.  1행:  1열, 0;  2열, 3;  3열, 4;  4열, 3.  2행:  1열, 2;  2열, 1;  3열, 0;  4열, 9.  3행:  1열, 3;  2열, 0;  3열, 2;  4열, 1.  4행:  1열, 6;  2열, 2;  3열, 9;  4열, 0. 행렬끝"
    },
    "Matrix150": {
      "expected": "행렬식 2 행 2 열의 행렬.  1행:  1열, 2;  2열, 1.  2행:  1열, 7;  2열, 5 더하기 x. 행렬식끝"
    },
    "Matrix151": {
      "expected": "행렬식 의 2 행 2 열의 행렬.  1행:  1열, 2;  2열, 1.  2행:  1열, 7;  2열, 5 더하기 x. 행렬끝"
    },
    "Matrix152": {
      "expected": "행렬식 2 행 2 열의 행렬.  1행: 2 x, 1  2행: 7, 5. 행렬식끝"
    },
    "Matrix153": {
      "expected": "행렬식 의 2 행 2 열의 행렬.  1행: 2 x, 1  2행: 7, 5. 행렬끝"
    },
    "Matrix154": {
      "expected": "행렬식 2 행 2 열의 행렬.  1행: 2 x, y  2행: 2 분의 1, 3 분의 2. 행렬식끝"
    },
    "Matrix155": {
      "expected": "행렬식 의 2 행 2 열의 행렬.  1행: 2 x, y  2행: 2 분의 1, 3 분의 2. 행렬끝"
    },
    "Matrix156": {
      "expected": "행렬식 2 행 2 열의 행렬.  1행: 2 분의 1, 3 분의 2  2행: 4 분의 3, 5 분의 1. 행렬식끝"
    },
    "Matrix157": {
      "expected": "행렬식 의 2 행 2 열의 행렬.  1행: 2 분의 1, 3 분의 2  2행: 4 분의 3, 5 분의 1. 행렬끝"
    },
    "Matrix158": {
      "expected": "3 행 1 열의 벡터. 1, 2, 3"
    },
    "Matrix159": {
      "expected": "3 행 1 열의 벡터. 1, 2, 3"
    },
    "Matrix160": {
      "expected": "1 행 2 열의 벡터. 3, 5"
    },
    "Matrix161": {
      "expected": "1 행 2 열의 벡터. 3, 5"
    },
    "Matrix162": {
      "expected": "2 행 1 열의 벡터.  1행: x 더하기 1  2행: x 빼기 1"
    },
    "Matrix163": {
      "expected": "4 행 1 열의 벡터.  1행: 3  2행: 6  3행: 1  4행: 2"
    },
    "Matrix164": {
      "expected": "1 행 2 열의 벡터.  1열: x 더하기 1  2열: 2 x"
    },
    "Matrix165": {
      "expected": "1 행 2 열의 벡터. 3, 2. 곱하기 2 행 2 열의 행렬.  1행: 0, 5  2행: 9, 4"
    },
    "Matrix166": {
      "expected": "1 행 3 열의 벡터. 1, 2, 7. 곱하기 3 행 3 열의 행렬.  1행: 3, 5, 4  2행: 8, 0, 6  3행: 1, 4, 2"
    },
    "Matrix167": {
      "expected": "2 행 2 열의 행렬.  1행: 0, 5  2행: 9, 4. 곱하기 2 행 1 열의 벡터. 3, 2"
    },
    "Matrix168": {
      "expected": "3 행 3 열의 행렬.  1행: 3, 5, 4  2행: 8, 0, 6  3행: 1, 4, 2. 곱하기 3 행 1 열의 벡터. 1, 2, 7"
    },
    "Matrix169": {
      "expected": "3 행 1 열의 벡터. 1, 2, 3. 벡터끝"
    },
    "Matrix170": {
      "expected": "3 행 1 열의 벡터. 1, 2, 3. 벡터끝"
    },
    "Matrix171": {
      "expected": "1 행 2 열의 벡터. 3, 5. 벡터끝"
    },
    "Matrix172": {
      "expected": "1 행 2 열의 벡터. 3, 5. 벡터끝"
    },
    "Matrix173": {
      "expected": "2 행 1 열의 벡터.  1행: x 더하기 1  2행: x 빼기 1. 벡터끝"
    },
    "Matrix174": {
      "expected": "4 행 1 열의 벡터.  1행: 3  2행: 6  3행: 1  4행: 2. 벡터끝"
    },
    "Matrix175": {
      "expected": "1 행 2 열의 벡터.  1열: x 더하기 1  2열: 2 x. 벡터끝"
    },
    "Matrix176": {
      "expected": "1 행 2 열의 벡터. 3, 2. 벡터끝 곱하기 2 행 2 열의 행렬.  1행: 0, 5  2행: 9, 4. 행렬끝"
    },
    "Matrix177": {
      "expected": "1 행 3 열의 벡터. 1, 2, 7. 벡터끝 곱하기 3 행 3 열의 행렬.  1행: 3, 5, 4  2행: 8, 0, 6  3행: 1, 4, 2. 행렬끝"
    },
    "Matrix178": {
      "expected": "2 행 2 열의 행렬.  1행: 0, 5  2행: 9, 4. 행렬끝 곱하기 2 행 1 열의 벡터. 3, 2. 벡터끝"
    },
    "Matrix179": {
      "expected": "3 행 3 열의 행렬.  1행: 3, 5, 4  2행: 8, 0, 6  3행: 1, 4, 2. 행렬끝 곱하기 3 행 1 열의 벡터. 1, 2, 7. 벡터끝"
    },
    "Matrix180": {
      "expected": "조합 n 씨 r"
    },
    "Matrix181": {
      "expected": "조합 10 씨 7"
    },
    "Matrix182": {
      "expected": "조합 15 씨 0"
    },
    "Matrix183": {
      "expected": "조합 8 씨 3"
    }
  }
}
