{
  "factory": "rebuild",
  "base": "input/semantic/fences.json",
  "information": "Semantic Tree Rebuilding tests for fenced expressions.",
  "exclude": [],
  "tests": "ALL"
}
