{
  "factory": "enrichSpeech",
  "tests": "ALL",
  "base": "input/semantic/juxtaposition.json"
}
