{
  "factory": "enrichSpeech",
  "tests": "ALL",
  "information": "Enrich speech tables tests.",
  "exclude": ["Mfenced_14", "Actions_0", "Actions_1", "SemanticsAnnotation_0", "SemanticsAnnotationXml_1"],
  "base": "input/semantic/tables.json"
}
